Component: ARM Compiler 5.06 update 3 (build 300) Tool: armlink [4d35c9]

==============================================================================

Section Cross References

    startup_stm32f2xx.o(RESET) refers to startup_stm32f2xx.o(STACK) for __initial_sp
    startup_stm32f2xx.o(RESET) refers to startup_stm32f2xx.o(.text) for Reset_Handler
    startup_stm32f2xx.o(RESET) refers to stm32f2xx_it.o(.text) for NMI_Handler
    startup_stm32f2xx.o(.text) refers to system_stm32f2xx.o(.text) for SystemInit
    startup_stm32f2xx.o(.text) refers to entry.o(.ARM.Collect$$$$00000000) for __main
    stm32f2xx_gpio.o(.text) refers to stm32f2xx_rcc.o(.text) for RCC_AHB1PeriphResetCmd
    stm32f2xx_rcc.o(.text) refers to stm32f2xx_rcc.o(.data) for APBAHBPrescTable
    stm32f2xx_usart.o(.text) refers to stm32f2xx_rcc.o(.text) for RCC_APB2PeriphResetCmd
    stm32f2xx_adc.o(.text) refers to stm32f2xx_rcc.o(.text) for RCC_APB2PeriphResetCmd
    stm32f2xx_sdio.o(.text) refers to stm32f2xx_rcc.o(.text) for RCC_APB2PeriphResetCmd
    stm32f2xx_tim.o(.text) refers to stm32f2xx_rcc.o(.text) for RCC_APB2PeriphResetCmd
    system_stm32f2xx.o(.text) refers to system_stm32f2xx.o(.data) for SystemCoreClock
    main.o(.text) refers to board_conf.o(.text) for Board_Init
    main.o(.text) refers to test_sdcard.o(.text) for TEST_MODE_Init
    main.o(.text) refers to systick.o(.text) for Delay_ms
    main.o(.text) refers to led.o(.text) for LED_ON
    main.o(.text) refers to fpga.o(.text) for FPGA_Initial
    main.o(.text) refers to lcd.o(.text) for LCM_Init
    main.o(.text) refers to lcd_test.o(.text) for CTP_Start
    main.o(.text) refers to bsp_bmp.o(.text) for PIC_Load_BMP_ET
    main.o(.text) refers to f2d.o(.text) for __aeabi_f2d
    main.o(.text) refers to printfa.o(i.__0printf) for __2printf
    main.o(.text) refers to ffltui.o(.text) for __aeabi_ui2f
    main.o(.text) refers to fdiv.o(.text) for __aeabi_fdiv
    main.o(.text) refers to usart.o(.text) for USART_EventProcess
    main.o(.text) refers to taskpolling.o(.text) for task_list
    main.o(.text) refers to usart.o(.data) for auto_line
    main.o(.text) refers to main.o(.data) for TEST_MODE
    main.o(.text) refers to key.o(.data) for DIS_NUM
    main.o(.text) refers to common_initialcode_6.5inch_cof_nt36682a_cmos_v4p0_20180704.o(.data) for FPGA_porchPara
    main.o(.text) refers to bsp_bmp.o(.data) for Pic_Load_Finish
    main.o(.text) refers to lcd_test.o(.data) for current_NG
    main.o(.text) refers to main.o(.conststring) for .conststring
    main.o(.text) refers to timer.o(.data) for Timer3_Ms_Counter
    taskpolling.o(.text) refers to key.o(.text) for KEY_GetState
    taskpolling.o(.text) refers to timer.o(.data) for Flag_1ms_Timeup
    taskpolling.o(.text) refers to taskpolling.o(.data) for c0_flag
    taskpolling.o(.text) refers to key.o(.data) for keyStateTemp
    stm32f2xx_it.o(.text) refers to systick.o(.text) for Timer_Decrement
    stm32f2xx_it.o(.text) refers to usart.o(.text) for USART1_RXD
    stm32f2xx_it.o(.text) refers to timer.o(.text) for TIM2_EventProcess
    stm32f2xx_it.o(.text) refers to sdcard.o(.text) for SD_ProcessIRQSrc
    systick.o(.text) refers to printfa.o(i.__0printf) for __2printf
    systick.o(.text) refers to system_stm32f2xx.o(.data) for SystemCoreClock
    systick.o(.text) refers to systick.o(.data) for DelayUsCnt
    board_conf.o(.text) refers to misc.o(.text) for NVIC_PriorityGroupConfig
    board_conf.o(.text) refers to sdcard.o(.text) for SDDMA_VIC_Init
    board_conf.o(.text) refers to stm32f2xx_rcc.o(.text) for RCC_AHB1PeriphClockCmd
    board_conf.o(.text) refers to usart.o(.text) for USART1_Config
    board_conf.o(.text) refers to printfa.o(i.__0printf) for __2printf
    board_conf.o(.text) refers to timer.o(.text) for TIM3_Config
    board_conf.o(.text) refers to ffltui.o(.text) for __aeabi_ui2f
    board_conf.o(.text) refers to fdiv.o(.text) for __aeabi_fdiv
    board_conf.o(.text) refers to f2d.o(.text) for __aeabi_f2d
    board_conf.o(.text) refers to systick.o(.text) for SysTick_Init
    board_conf.o(.text) refers to adc.o(.text) for ADC3_Config
    board_conf.o(.text) refers to lcd_test.o(.text) for TEST_Config_ON
    board_conf.o(.text) refers to stm32f2xx_gpio.o(.text) for GPIO_ReadInputDataBit
    board_conf.o(.text) refers to led.o(.text) for LED_Config
    board_conf.o(.text) refers to key.o(.text) for KEY_Config
    board_conf.o(.text) refers to power.o(.text) for POWER_EN_Config
    board_conf.o(.text) refers to eeprom.o(.text) for EEPROM_I2C_Config
    board_conf.o(.text) refers to digital_sensor.o(.text) for DSENSOR_I2C_Config
    board_conf.o(.text) refers to admesy.o(.text) for Admesy_Init
    board_conf.o(.text) refers to fpga.o(.text) for FPGA_FSMC_Config
    board_conf.o(.text) refers to ssd2828.o(.text) for SSD2828_SPI_Config
    board_conf.o(.text) refers to lcd.o(.text) for LCD_RST_Config
[...]
    TIM_OC2FastConfig                        0x080024a9   Thumb Code    26  stm32f2xx_tim.o(.text)
    TIM_OC3FastConfig                        0x080024c3   Thumb Code    18  stm32f2xx_tim.o(.text)
    TIM_OC4FastConfig                        0x080024d5   Thumb Code    26  stm32f2xx_tim.o(.text)
    TIM_ClearOC1Ref                          0x080024ef   Thumb Code    18  stm32f2xx_tim.o(.text)
    TIM_ClearOC2Ref                          0x08002501   Thumb Code    24  stm32f2xx_tim.o(.text)
    TIM_ClearOC3Ref                          0x08002519   Thumb Code    18  stm32f2xx_tim.o(.text)
    TIM_ClearOC4Ref                          0x0800252b   Thumb Code    24  stm32f2xx_tim.o(.text)
    TIM_OC1PolarityConfig                    0x08002543   Thumb Code    18  stm32f2xx_tim.o(.text)
    TIM_OC1NPolarityConfig                   0x08002555   Thumb Code    18  stm32f2xx_tim.o(.text)
    TIM_OC2PolarityConfig                    0x08002567   Thumb Code    26  stm32f2xx_tim.o(.text)
    TIM_OC2NPolarityConfig                   0x08002581   Thumb Code    26  stm32f2xx_tim.o(.text)
    TIM_OC3PolarityConfig                    0x0800259b   Thumb Code    26  stm32f2xx_tim.o(.text)
    TIM_OC3NPolarityConfig                   0x080025b5   Thumb Code    26  stm32f2xx_tim.o(.text)
    TIM_OC4PolarityConfig                    0x080025cf   Thumb Code    26  stm32f2xx_tim.o(.text)
    TIM_CCxCmd                               0x080025e9   Thumb Code    30  stm32f2xx_tim.o(.text)
    TIM_CCxNCmd                              0x08002607   Thumb Code    30  stm32f2xx_tim.o(.text)
    TIM_SetIC4Prescaler                      0x08002625   Thumb Code    26  stm32f2xx_tim.o(.text)
    TIM_SetIC3Prescaler                      0x0800268f   Thumb Code    18  stm32f2xx_tim.o(.text)
    TIM_SetIC2Prescaler                      0x080026e9   Thumb Code    26  stm32f2xx_tim.o(.text)
    TIM_SetIC1Prescaler                      0x0800275d   Thumb Code    18  stm32f2xx_tim.o(.text)
    TIM_ICInit                               0x080027a9   Thumb Code   110  stm32f2xx_tim.o(.text)
    TIM_ICStructInit                         0x08002817   Thumb Code    18  stm32f2xx_tim.o(.text)
    TIM_PWMIConfig                           0x08002829   Thumb Code   124  stm32f2xx_tim.o(.text)
    TIM_GetCapture1                          0x080028a5   Thumb Code     6  stm32f2xx_tim.o(.text)
    TIM_GetCapture2                          0x080028ab   Thumb Code     6  stm32f2xx_tim.o(.text)
    TIM_GetCapture3                          0x080028b1   Thumb Code     6  stm32f2xx_tim.o(.text)
    TIM_GetCapture4                          0x080028b7   Thumb Code     6  stm32f2xx_tim.o(.text)
    TIM_BDTRConfig                           0x080028bd   Thumb Code    32  stm32f2xx_tim.o(.text)
    TIM_BDTRStructInit                       0x080028dd   Thumb Code    18  stm32f2xx_tim.o(.text)
    TIM_CtrlPWMOutputs                       0x080028ef   Thumb Code    30  stm32f2xx_tim.o(.text)
    TIM_SelectCOM                            0x0800290d   Thumb Code    24  stm32f2xx_tim.o(.text)
    TIM_CCPreloadControl                     0x08002925   Thumb Code    24  stm32f2xx_tim.o(.text)
    TIM_ITConfig                             0x0800293d   Thumb Code    18  stm32f2xx_tim.o(.text)
    TIM_GenerateEvent                        0x0800294f   Thumb Code     4  stm32f2xx_tim.o(.text)
    TIM_GetFlagStatus                        0x08002953   Thumb Code    18  stm32f2xx_tim.o(.text)
    TIM_ClearFlag                            0x08002965   Thumb Code     6  stm32f2xx_tim.o(.text)
    TIM_GetITStatus                          0x0800296b   Thumb Code    34  stm32f2xx_tim.o(.text)
    TIM_ClearITPendingBit                    0x0800298d   Thumb Code     6  stm32f2xx_tim.o(.text)
    TIM_DMAConfig                            0x08002993   Thumb Code    10  stm32f2xx_tim.o(.text)
    TIM_DMACmd                               0x0800299d   Thumb Code    18  stm32f2xx_tim.o(.text)
    TIM_SelectCCDMA                          0x080029af   Thumb Code    24  stm32f2xx_tim.o(.text)
    TIM_InternalClockConfig                  0x080029c7   Thumb Code    12  stm32f2xx_tim.o(.text)
    TIM_SelectInputTrigger                   0x080029d3   Thumb Code    18  stm32f2xx_tim.o(.text)
    TIM_ITRxExternalClockConfig              0x080029e5   Thumb Code    24  stm32f2xx_tim.o(.text)
    TIM_TIxExternalClockConfig               0x080029fd   Thumb Code    62  stm32f2xx_tim.o(.text)
    TIM_ETRConfig                            0x08002a3b   Thumb Code    28  stm32f2xx_tim.o(.text)
    TIM_ETRClockMode1Config                  0x08002a57   Thumb Code    54  stm32f2xx_tim.o(.text)
    TIM_ETRClockMode2Config                  0x08002a8d   Thumb Code    32  stm32f2xx_tim.o(.text)
    TIM_SelectOutputTrigger                  0x08002aad   Thumb Code    18  stm32f2xx_tim.o(.text)
    TIM_SelectSlaveMode                      0x08002abf   Thumb Code    18  stm32f2xx_tim.o(.text)
    TIM_SelectMasterSlaveMode                0x08002ad1   Thumb Code    18  stm32f2xx_tim.o(.text)
    TIM_EncoderInterfaceConfig               0x08002ae3   Thumb Code    66  stm32f2xx_tim.o(.text)
    TIM_SelectHallSensor                     0x08002b25   Thumb Code    24  stm32f2xx_tim.o(.text)
    TIM_RemapConfig                          0x08002b3d   Thumb Code     6  stm32f2xx_tim.o(.text)
    SystemInit                               0x08002c05   Thumb Code    74  system_stm32f2xx.o(.text)
    SystemCoreClockUpdate                    0x08002c4f   Thumb Code   174  system_stm32f2xx.o(.text)
    main                                     0x08002d25   Thumb Code   556  main.o(.text)
    task_list                                0x080030bd   Thumb Code   284  taskpolling.o(.text)
    NMI_Handler                              0x080031fd   Thumb Code     2  stm32f2xx_it.o(.text)
    HardFault_Handler                        0x080031ff   Thumb Code     4  stm32f2xx_it.o(.text)
    MemManage_Handler                        0x08003203   Thumb Code     4  stm32f2xx_it.o(.text)
    BusFault_Handler                         0x08003207   Thumb Code     4  stm32f2xx_it.o(.text)
    UsageFault_Handler                       0x0800320b   Thumb Code     4  stm32f2xx_it.o(.text)
    SVC_Handler                              0x0800320f   Thumb Code     2  stm32f2xx_it.o(.text)
    DebugMon_Handler                         0x08003211   Thumb Code     2  stm32f2xx_it.o(.text)
    PendSV_Handler                           0x08003213   Thumb Code     2  stm32f2xx_it.o(.text)
    SysTick_Handler                          0x08003215   Thumb Code     8  stm32f2xx_it.o(.text)
    USART1_IRQHandler                        0x0800321d   Thumb Code     8  stm32f2xx_it.o(.text)
    UART4_IRQHandler                         0x08003225   Thumb Code     8  stm32f2xx_it.o(.text)
    TIM2_IRQHandler                          0x0800322d   Thumb Code     8  stm32f2xx_it.o(.text)
    TIM3_IRQHandler                          0x08003235   Thumb Code     8  stm32f2xx_it.o(.text)
    TIM4_IRQHandler                          0x0800323d   Thumb Code     8  stm32f2xx_it.o(.text)
    SDIO_IRQHandler                          0x08003245   Thumb Code     8  stm32f2xx_it.o(.text)
    DMA2_Stream3_IRQHandler                  0x0800324d   Thumb Code     8  stm32f2xx_it.o(.text)
    SysTick_Init                             0x08003255   Thumb Code   122  systick.o(.text)
    Delay_us                                 0x080032cf   Thumb Code    52  systick.o(.text)
    Delay_ms                                 0x08003303   Thumb Code    26  systick.o(.text)
    Delay_sec                                0x0800331d   Thumb Code    26  systick.o(.text)
    Timer_Decrement                          0x08003337   Thumb Code    18  systick.o(.text)
    NVIC_Config                              0x08003399   Thumb Code   192  board_conf.o(.text)
    Board_Init                               0x08003459   Thumb Code   390  board_conf.o(.text)
    USART1_Config                            0x08003905   Thumb Code   168  usart.o(.text)
    UART4_Config                             0x080039ad   Thumb Code   162  usart.o(.text)
    fputc                                    0x08003a4f   Thumb Code    36  usart.o(.text)
    PC_Data_Reciever                         0x08003a73   Thumb Code   232  usart.o(.text)
    MSE_Data_Reciever                        0x08003b5b   Thumb Code    96  usart.o(.text)
    USART1_RXD                               0x08003bbb   Thumb Code    24  usart.o(.text)
    UART4_RXD                                0x08003bd3   Thumb Code    24  usart.o(.text)
    USART_EventProcess                       0x08003beb   Thumb Code  5340  usart.o(.text)
    USART_printf                             0x08005129   Thumb Code   948  usart.o(.text)
    TIM2_Config                              0x080054dd   Thumb Code    82  timer.o(.text)
    TIM3_Config                              0x0800552f   Thumb Code    80  timer.o(.text)
    TIM4_Config                              0x0800557f   Thumb Code    82  timer.o(.text)
    TIM2_EventProcess                        0x080055d1   Thumb Code    28  timer.o(.text)
    TIM3_EventProcess                        0x080055ed   Thumb Code    40  timer.o(.text)
    TIM4_EventProcess                        0x08005615   Thumb Code    44  timer.o(.text)
    Admesy_Init                              0x08005679   Thumb Code   586  admesy.o(.text)
    Meas_Flicker                             0x080058c3   Thumb Code   140  admesy.o(.text)
    Meas_JEITA                               0x0800594f   Thumb Code   238  admesy.o(.text)
    Meas_CCT_MSE                             0x08005a3d   Thumb Code   432  admesy.o(.text)
    Meas_XYZ                                 0x08005bed   Thumb Code   110  admesy.o(.text)
    Meas_Yxy                                 0x08005c5b   Thumb Code   258  admesy.o(.text)
    Meas_CCT                                 0x08005d5d   Thumb Code   238  admesy.o(.text)
    Meas_Yuv                                 0x08005e4b   Thumb Code   654  admesy.o(.text)
    fft                                      0x080060d9   Thumb Code   516  admesy_flicker.o(.text)
    fftold                                   0x080062dd   Thumb Code   636  admesy_flicker.o(.text)
    JEITA_weighing                           0x08006559   Thumb Code   200  admesy_flicker.o(.text)
    calc_JEITA_flicker                       0x08006621   Thumb Code   302  admesy_flicker.o(.text)
    calc_VESA_flicker                        0x0800674f   Thumb Code   320  admesy_flicker.o(.text)
    calc_flicker_mm                          0x0800688f   Thumb Code   308  admesy_flicker.o(.text)
    calc_flicker_rms                         0x080069c3   Thumb Code   262  admesy_flicker.o(.text)
    dft                                      0x08006ac9   Thumb Code   320  admesy_flicker.o(.text)
    idft                                     0x08006c09   Thumb Code   372  admesy_flicker.o(.text)
    kiss_fft_alloc                           0x08007aaf   Thumb Code   218  kiss_fft.o(.text)
    kiss_fft_stride                          0x08007b89   Thumb Code    90  kiss_fft.o(.text)
    kiss_fft                                 0x08007be3   Thumb Code    22  kiss_fft.o(.text)
    kiss_fft_cleanup                         0x08007bf9   Thumb Code     2  kiss_fft.o(.text)
    kiss_fft_next_fast_size                  0x08007bfb   Thumb Code    94  kiss_fft.o(.text)
    ADC3_Config                              0x08007c65   Thumb Code   250  adc.o(.text)
    BubbleSort                               0x08007d5f   Thumb Code    66  adc.o(.text)
    Get_ADC3_Voltage                         0x08007da1   Thumb Code    38  adc.o(.text)
    GetResValue                              0x08007dc7   Thumb Code   288  adc.o(.text)
    I2C_Start                                0x08007f95   Thumb Code    64  i2c.o(.text)
    I2C_Stop                                 0x08007fd5   Thumb Code    64  i2c.o(.text)
    I2C_Ack                                  0x08008015   Thumb Code    64  i2c.o(.text)
    I2C_Uak                                  0x08008055   Thumb Code    52  i2c.o(.text)
    I2C_Check_Ack                            0x08008089   Thumb Code   182  i2c.o(.text)
    I2C_Tx                                   0x0800813f   Thumb Code    96  i2c.o(.text)
    I2C_Rx                                   0x0800819f   Thumb Code   178  i2c.o(.text)
    I2C_Write                                0x08008251   Thumb Code    26  i2c.o(.text)
    I2C_Read_Ack                             0x0800826b   Thumb Code    16  i2c.o(.text)
    I2C_Read_Uak                             0x0800827b   Thumb Code    16  i2c.o(.text)
    I2C_Write_Byte                           0x0800828b   Thumb Code   102  i2c.o(.text)
    I2C_Write_Byte16                         0x080082f1   Thumb Code   120  i2c.o(.text)
    I2C_Read_Byte                            0x08008369   Thumb Code   138  i2c.o(.text)
    I2C_Read_Byte16                          0x080083f3   Thumb Code   136  i2c.o(.text)
    I2C_Sequential_Write                     0x0800847b   Thumb Code   144  i2c.o(.text)
    I2C_Sequential_Write16                   0x0800850b   Thumb Code   162  i2c.o(.text)
    I2C_Sequential_Read                      0x080085ad   Thumb Code   146  i2c.o(.text)
    I2C_Sequential_Read16                    0x0800863f   Thumb Code   166  i2c.o(.text)
    I2C_Check_Addr                           0x080086e5   Thumb Code    56  i2c.o(.text)
    POWER_EN_Config                          0x08008721   Thumb Code   112  power.o(.text)
    POWER_I2C_Config                         0x08008791   Thumb Code    68  power.o(.text)
    POWER_I2C_SETTING                        0x080087d5   Thumb Code   328  power.o(.text)
    LCMPower_Init                            0x0800891d   Thumb Code    40  power.o(.text)
    LCMPower_ON                              0x08008945   Thumb Code    50  power.o(.text)
    LCMPower_OFF                             0x08008977   Thumb Code    62  power.o(.text)
    LCMPower_ON1                             0x080089b5   Thumb Code    50  power.o(.text)
    LCMPower_OFF1                            0x080089e7   Thumb Code    62  power.o(.text)
    Check_ADCADDR                            0x08008b35   Thumb Code    62  digital_sensor.o(.text)
    DSENSOR_I2C_Config                       0x08008b73   Thumb Code    72  digital_sensor.o(.text)
    I2C_ReadSensor                           0x08008bbb   Thumb Code    48  digital_sensor.o(.text)
    DSENSOR_I2C_GetFlicker                   0x08008beb   Thumb Code   206  digital_sensor.o(.text)
    DSENSOR_Test                             0x08008cb9   Thumb Code    88  digital_sensor.o(.text)
    EEPROM_I2C_Config                        0x08008db9   Thumb Code    88  eeprom.o(.text)
    EEPROM_I2C_Write                         0x08008e11   Thumb Code   170  eeprom.o(.text)
    EEPROM_I2C_Read                          0x08008ebb   Thumb Code    66  eeprom.o(.text)
    EEPROM_WR_Verify                         0x08008efd   Thumb Code   114  eeprom.o(.text)
    Get_Test_Mode                            0x08008f6f   Thumb Code    14  eeprom.o(.text)
    Set_Test_Mode                            0x08008f7d   Thumb Code    14  eeprom.o(.text)
    Disp_Test_Mode                           0x08008f8b   Thumb Code   160  eeprom.o(.text)
    LED_Config                               0x0800917d   Thumb Code    60  led.o(.text)
    LED_ON                                   0x080091b9   Thumb Code    22  led.o(.text)
    LED_OFF                                  0x080091cf   Thumb Code    22  led.o(.text)
    LED_Toggle                               0x080091e5   Thumb Code    22  led.o(.text)
    KEY_Config                               0x0800920d   Thumb Code    70  key.o(.text)
    KEY_GetState                             0x08009253   Thumb Code   218  key.o(.text)
    KEY_SLEEPIN                              0x0800932d   Thumb Code    46  key.o(.text)
    KeyProc                                  0x0800935b   Thumb Code   484  key.o(.text)
    AutoSwitchPattern                        0x0800953f   Thumb Code   116  key.o(.text)
    CTP_GetState                             0x080095b3   Thumb Code   548  key.o(.text)
    CTPProc                                  0x080097d7   Thumb Code   190  key.o(.text)
    SSD2828_SPI_Config                       0x08009925   Thumb Code   186  ssd2828.o(.text)
    MIPI_Reset                               0x080099df   Thumb Code    38  ssd2828.o(.text)
    SPI3Read                                 0x08009a05   Thumb Code   132  ssd2828.o(.text)
    SPI3Write                                0x08009a89   Thumb Code    80  ssd2828.o(.text)
    WriteCMD2SSD                             0x08009ad9   Thumb Code    86  ssd2828.o(.text)
    WriteDATA2SSD                            0x08009b2f   Thumb Code    88  ssd2828.o(.text)
    ReadSSDReg                               0x08009b87   Thumb Code    58  ssd2828.o(.text)
    IC_Init                                  0x08009bc1   Thumb Code   540  ssd2828.o(.text)
    WriteSSDReg                              0x08009ddd   Thumb Code    34  ssd2828.o(.text)
    WriteDriverReg                           0x08009dff   Thumb Code    62  ssd2828.o(.text)
    ReadDriverReg                            0x08009e3d   Thumb Code   232  ssd2828.o(.text)
    MIPI_DCS_Write                           0x08009f25   Thumb Code    84  ssd2828.o(.text)
    MIPI_GEN_Write                           0x08009f79   Thumb Code    84  ssd2828.o(.text)
    MIPI_DCS_Read                            0x08009fcd   Thumb Code    50  ssd2828.o(.text)
    MIPI_GEN_Read                            0x08009fff   Thumb Code    60  ssd2828.o(.text)
    SSD2828_Init                             0x0800a03b   Thumb Code    20  ssd2828.o(.text)
    FPGA_FSMC_Config                         0x0800a1a5   Thumb Code   318  fpga.o(.text)
    FPGA_SPI_Config                          0x0800a2e3   Thumb Code   168  fpga.o(.text)
    FPGA_SPI3Write                           0x0800a38b   Thumb Code    82  fpga.o(.text)
    FPGA_SPI3Read                            0x0800a3dd   Thumb Code    98  fpga.o(.text)
    FPGA_Reset                               0x0800a43f   Thumb Code    36  fpga.o(.text)
    FPGA_Porch_Set                           0x0800a463   Thumb Code   262  fpga.o(.text)
    FPGA_Display_Set                         0x0800a569   Thumb Code   198  fpga.o(.text)
    FPGA_Info_Set                            0x0800a62f   Thumb Code    70  fpga.o(.text)
    FPGA_Project_Set                         0x0800a675   Thumb Code    70  fpga.o(.text)
    FPGA_Project_Check                       0x0800a6bb   Thumb Code    98  fpga.o(.text)
    FPGA_Version_Set                         0x0800a71d   Thumb Code    70  fpga.o(.text)
    Version_Set                              0x0800a763   Thumb Code   190  fpga.o(.text)
    Project_Info_Upload                      0x0800a821   Thumb Code   178  fpga.o(.text)
    FPGA_Info_Visible                        0x0800a8d3   Thumb Code   118  fpga.o(.text)
    FPGA_DisPattern                          0x0800a949   Thumb Code  1268  fpga.o(.text)
    FPGA_DisPicture                          0x0800ae3d   Thumb Code    44  fpga.o(.text)
    FPGA_PIC_WR_CFG                          0x0800ae69   Thumb Code   102  fpga.o(.text)
    FPGA_INIT_END_INFO                       0x0800aecf   Thumb Code    18  fpga.o(.text)
    FPGA_PORT_MAP                            0x0800aee1   Thumb Code    32  fpga.o(.text)
    FPGA_Initial                             0x0800af01   Thumb Code   148  fpga.o(.text)
    LCD_RST_Config                           0x0800b061   Thumb Code    52  lcd.o(.text)
    DriverIC_Reset                           0x0800b095   Thumb Code    42  lcd.o(.text)
    LCD_SoftReset                            0x0800b0bf   Thumb Code    80  lcd.o(.text)
    LCD_SleepIn                              0x0800b10f   Thumb Code    96  lcd.o(.text)
    LCD_SleepOut                             0x0800b16f   Thumb Code    96  lcd.o(.text)
    LCD_DisplayOff                           0x0800b1cf   Thumb Code    86  lcd.o(.text)
    LCD_DisplayOn                            0x0800b225   Thumb Code    86  lcd.o(.text)
    LCD_LPMode                               0x0800b27b   Thumb Code    58  lcd.o(.text)
    LCD_HSMode                               0x0800b2b5   Thumb Code    58  lcd.o(.text)
    LCD_VideoMode_ON                         0x0800b2ef   Thumb Code    58  lcd.o(.text)
    LCD_VideoMode_OFF                        0x0800b329   Thumb Code    58  lcd.o(.text)
    MIPI_SleepMode_ON                        0x0800b363   Thumb Code    58  lcd.o(.text)
    MIPI_SleepMode_OFF                       0x0800b39d   Thumb Code    58  lcd.o(.text)
    LCD_PWM                                  0x0800b3d7   Thumb Code    94  lcd.o(.text)
    LCD_LitSquence                           0x0800b435   Thumb Code    24  lcd.o(.text)
    LEDA_DIM                                 0x0800b44d   Thumb Code    10  lcd.o(.text)
    ARM_PWM_Control                          0x0800b457   Thumb Code   606  lcd.o(.text)
    LCM_Init                                 0x0800b6b5   Thumb Code   692  lcd.o(.text)
    LCM_Reset                                0x0800b969   Thumb Code   110  lcd.o(.text)
    SD_DeInit                                0x0800bb41   Thumb Code   126  sdcard.o(.text)
    SD_EnableWideBusOperation                0x0800c05f   Thumb Code   140  sdcard.o(.text)
    SD_SelectDeselect                        0x0800c0eb   Thumb Code    48  sdcard.o(.text)
    SD_GetCardInfo                           0x0800c11b   Thumb Code   726  sdcard.o(.text)
    SD_InitializeCards                       0x0800c4e7   Thumb Code   294  sdcard.o(.text)
    SD_PowerON                               0x0800c6b5   Thumb Code   408  sdcard.o(.text)
    SD_Init                                  0x0800c84d   Thumb Code   114  sdcard.o(.text)
    SD_SendStatus                            0x0800c8bf   Thumb Code    64  sdcard.o(.text)
    SD_GetState                              0x0800c8ff   Thumb Code    26  sdcard.o(.text)
    SD_GetStatus                             0x0800c919   Thumb Code    30  sdcard.o(.text)
    SD_PowerOFF                              0x0800c937   Thumb Code    14  sdcard.o(.text)
    SD_SendSDStatus                          0x0800c945   Thumb Code   362  sdcard.o(.text)
    SD_GetCardStatus                         0x0800caaf   Thumb Code   156  sdcard.o(.text)
    SD_ReadBlock                             0x0800cb4b   Thumb Code   244  sdcard.o(.text)
    SD_ReadMultiBlocks                       0x0800cc3f   Thumb Code   216  sdcard.o(.text)
    SD_WaitReadOperation                     0x0800cd17   Thumb Code    56  sdcard.o(.text)
    SD_WriteBlock                            0x0800cd4f   Thumb Code   190  sdcard.o(.text)
    SD_WriteMultiBlocks                      0x0800ce0d   Thumb Code   294  sdcard.o(.text)
    SD_WaitWriteOperation                    0x0800cf33   Thumb Code    64  sdcard.o(.text)
    SD_GetTransferState                      0x0800cf73   Thumb Code    20  sdcard.o(.text)
    SD_StopTransfer                          0x0800cf87   Thumb Code    32  sdcard.o(.text)
    SD_Erase                                 0x0800d15b   Thumb Code   288  sdcard.o(.text)
    SD_ProcessIRQSrc                         0x0800d27b   Thumb Code    74  sdcard.o(.text)
    DMA_ProcessIRQSrc                        0x0800d2c5   Thumb Code    20  sdcard.o(.text)
    convert_from_bytes_to_power_of_two       0x0800d2d9   Thumb Code    18  sdcard.o(.text)
    SDDMA_VIC_Init                           0x0800d2eb   Thumb Code    68  sdcard.o(.text)
    Lcd_Load_bmp                             0x0800d379   Thumb Code   366  bsp_bmp.o(.text)
    PIC_Load_BMP                             0x0800d4e7   Thumb Code   360  bsp_bmp.o(.text)
    PIC_Load_BMP_ET                          0x0800d64f   Thumb Code   252  bsp_bmp.o(.text)
    SD_Write_Str2File                        0x0800d74b   Thumb Code   428  bsp_bmp.o(.text)
    TEST_Config_ON                           0x0800d915   Thumb Code   282  lcd_test.o(.text)
    TEST_Config_CTP                          0x0800da2f   Thumb Code   108  lcd_test.o(.text)
    TEST_Config_OFF                          0x0800da9b   Thumb Code   130  lcd_test.o(.text)
    Current_Check_Config                     0x0800db1d   Thumb Code   108  lcd_test.o(.text)
    CTP_Start                                0x0800db89   Thumb Code    38  lcd_test.o(.text)
    Differ2_Detect                           0x0800dbaf   Thumb Code     2  lcd_test.o(.text)
    TE_Detect                                0x0800dbb1   Thumb Code     2  lcd_test.o(.text)
    ARM_PWM_Detect                           0x0800dbb3   Thumb Code    98  lcd_test.o(.text)
    PWM_Detect                               0x0800dc15   Thumb Code     2  lcd_test.o(.text)
    Connect_Check                            0x0800dc17   Thumb Code     2  lcd_test.o(.text)
    Res_Check                                0x0800dc19   Thumb Code   170  lcd_test.o(.text)
    IDCheck                                  0x0800dcc3   Thumb Code   444  lcd_test.o(.text)
    Current_Upload                           0x0800de7f   Thumb Code   228  lcd_test.o(.text)
    Meas_Current_Normal                      0x0800df63   Thumb Code   228  lcd_test.o(.text)
    AOI_Current_Check_Normal                 0x0800e047   Thumb Code   304  lcd_test.o(.text)
    Meas_Current_Sleep                       0x0800e177   Thumb Code   848  lcd_test.o(.text)
    AOI_Current_Check_Sleep                  0x0800e4c7   Thumb Code   220  lcd_test.o(.text)
    AOI_Current_Check                        0x0800e5a3   Thumb Code   982  lcd_test.o(.text)
    Current_Check                            0x0800e979   Thumb Code   490  lcd_test.o(.text)
    SleepCurrent_Check                       0x0800eb63   Thumb Code   614  lcd_test.o(.text)
    ESD_Fail_Recover                         0x0800edc9   Thumb Code    78  lcd_test.o(.text)
    ON3sec_OFF3sec                           0x0800ee17   Thumb Code   216  lcd_test.o(.text)
    Test_Mode_Switch                         0x0800eeef   Thumb Code   322  lcd_test.o(.text)
    Visual_check                             0x0800f209   Thumb Code   508  test_debug.o(.text)
    Power_check                              0x0800f405   Thumb Code   234  test_debug.o(.text)
    Pattern_check                            0x0800f4ef   Thumb Code    18  test_debug.o(.text)
    ACD_test                                 0x0800f501   Thumb Code   150  test_debug.o(.text)
    pattern24_test                           0x0800f597   Thumb Code   470  test_debug.o(.text)
    Test_DEBUG                               0x0800f76d   Thumb Code     8  test_debug.o(.text)
    Test_DEMO                                0x0800f775   Thumb Code   146  test_demo.o(.text)
    ETA_Visual_Check                         0x0800f811   Thumb Code   268  test_od.o(.text)
    OD_Visual_Check                          0x0800f91d   Thumb Code   638  test_od.o(.text)
    Test_OD                                  0x0800fb9b   Thumb Code     8  test_od.o(.text)
    Test_ET1                                 0x0800fbc5   Thumb Code   146  test_et1.o(.text)
    Test_ET2                                 0x0800fc61   Thumb Code   664  test_et2.o(.text)
    Test_ET3                                 0x0800ff51   Thumb Code   164  test_et3.o(.text)
    OTPInfo_SaveFile_Check                   0x0800fffd   Thumb Code   164  test_otp.o(.text)
    SD_Write_OTPInfo                         0x080100a1   Thumb Code    62  test_otp.o(.text)
    AutoVcom                                 0x080100df   Thumb Code  1626  test_otp.o(.text)
    Gamma_Check1                             0x08010739   Thumb Code   840  test_otp.o(.text)
    Chroma_Check                             0x08010a81   Thumb Code   322  test_otp.o(.text)
    Contrast_Check                           0x08010bc3   Thumb Code   244  test_otp.o(.text)
    OTP                                      0x08010cb7   Thumb Code  3910  test_otp.o(.text)
    Test_OTP                                 0x08011bfd   Thumb Code   794  test_otp.o(.text)
    Gamma_Check                              0x08011f17   Thumb Code  1080  test_otp.o(.text)
    CURRENT2DC                               0x08012389   Thumb Code    14  test_ra.o(.text)
    RA_LEDPWM                                0x08012397   Thumb Code    62  test_ra.o(.text)
    Test_RA                                  0x080123d5   Thumb Code     2  test_ra.o(.text)
    ESD_Visual_Check                         0x080123dd   Thumb Code   604  test_esd.o(.text)
    Test_ESD                                 0x08012639   Thumb Code    12  test_esd.o(.text)
    Test_CTP                                 0x08012695   Thumb Code   316  test_ctp.o(.text)
    Test_OQC1                                0x080127d9   Thumb Code   602  test_oqc1.o(.text)
    get_RGBGray                              0x08012a75   Thumb Code   300  test_sdcard.o(.text)
    TEST_MODE_Init                           0x08012ba1   Thumb Code     2  test_sdcard.o(.text)
    Display_Pattern                          0x08012ba3   Thumb Code   450  test_sdcard.o(.text)
    SendPage                                 0x08012dc5   Thumb Code    26  common_otpcode_nt36672a_v3.o(.text)
    ScanForward                              0x08012ddf   Thumb Code    26  common_otpcode_nt36672a_v3.o(.text)
    ScanBackward                             0x08012df9   Thumb Code    26  common_otpcode_nt36672a_v3.o(.text)
    VCOM_Set                                 0x08012e13   Thumb Code   182  common_otpcode_nt36672a_v3.o(.text)
    VCOM_Read                                0x08012ec9   Thumb Code    64  common_otpcode_nt36672a_v3.o(.text)
    NVM_Flag                                 0x08012f09   Thumb Code    56  common_otpcode_nt36672a_v3.o(.text)
    MTP_CRC_Calc                             0x08012f41   Thumb Code   136  common_otpcode_nt36672a_v3.o(.text)
    OTPTimes_Read                            0x08012fc9   Thumb Code   104  common_otpcode_nt36672a_v3.o(.text)
    ID_OTP                                   0x08013031   Thumb Code   400  common_otpcode_nt36672a_v3.o(.text)
    OTPSequence                              0x080131c1   Thumb Code   932  common_otpcode_nt36672a_v3.o(.text)
    ICReg_chk                                0x08013565   Thumb Code   158  common_otpcode_nt36672a_v3.o(.text)
    SD_FW_OPEN                               0x080136ed   Thumb Code   306  nt36672a_fw_update_v1p0.o(.text)
    SD_FW_Close                              0x08013833   Thumb Code    16  nt36672a_fw_update_v1p0.o(.text)
    TCH_SPI_UNConfig                         0x080138dd   Thumb Code   112  nt36672a_fw_update_v1p0.o(.text)
    nvt_bin_header_parser                    0x08013e4b   Thumb Code  1382  nt36672a_fw_update_v1p0.o(.text)
    Write_Partition                          0x080143b1   Thumb Code   234  nt36672a_fw_update_v1p0.o(.text)
    nvt_set_bld_crc                          0x0801449b   Thumb Code   202  nt36672a_fw_update_v1p0.o(.text)
    Check_HW_CRC                             0x08014565   Thumb Code   510  nt36672a_fw_update_v1p0.o(.text)
    Check_CheckSum                           0x08014763   Thumb Code   156  nt36672a_fw_update_v1p0.o(.text)
    Program_FW                               0x080147ff   Thumb Code   220  nt36672a_fw_update_v1p0.o(.text)
    RA_Program_FW                            0x080148db   Thumb Code   890  nt36672a_fw_update_v1p0.o(.text)
    f_mount                                  0x080162ed   Thumb Code    86  ff.o(.text)
    f_open                                   0x08016343   Thumb Code   524  ff.o(.text)
    f_read                                   0x0801654f   Thumb Code   412  ff.o(.text)
    f_write                                  0x080166eb   Thumb Code   482  ff.o(.text)
    f_sync                                   0x080168cd   Thumb Code   156  ff.o(.text)
    f_close                                  0x08016969   Thumb Code    34  ff.o(.text)
    f_lseek                                  0x0801698b   Thumb Code   386  ff.o(.text)
    f_opendir                                0x08016b0d   Thumb Code   112  ff.o(.text)
    f_closedir                               0x08016b7d   Thumb Code    24  ff.o(.text)
    f_readdir                                0x08016b95   Thumb Code    78  ff.o(.text)
    f_findnext                               0x08016be3   Thumb Code    72  ff.o(.text)
    f_findfirst                              0x08016c2b   Thumb Code    42  ff.o(.text)
    f_stat                                   0x08016c55   Thumb Code    62  ff.o(.text)
    f_getfree                                0x08016c93   Thumb Code   258  ff.o(.text)
    f_truncate                               0x08016d95   Thumb Code   178  ff.o(.text)
    f_unlink                                 0x08016e47   Thumb Code   170  ff.o(.text)
    f_mkdir                                  0x08016ef1   Thumb Code   346  ff.o(.text)
    f_rename                                 0x0801704b   Thumb Code   272  ff.o(.text)
    f_gets                                   0x0801715b   Thumb Code    82  ff.o(.text)
    f_putc                                   0x08017227   Thumb Code    34  ff.o(.text)
    f_puts                                   0x08017249   Thumb Code    44  ff.o(.text)
    f_printf                                 0x08017275   Thumb Code   596  ff.o(.text)
    disk_status                              0x080174c9   Thumb Code     6  diskio.o(.text)
    disk_initialize                          0x080174cf   Thumb Code    26  diskio.o(.text)
    disk_read                                0x080174e9   Thumb Code    94  diskio.o(.text)
    disk_write                               0x08017547   Thumb Code    94  diskio.o(.text)
    disk_ioctl                               0x080175a5   Thumb Code     6  diskio.o(.text)
    get_fattime                              0x080175ab   Thumb Code     4  diskio.o(.text)
    ff_convert                               0x08017631   Thumb Code    70  ccsbcs.o(.text)
    ff_wtoupper                              0x08017677   Thumb Code   156  ccsbcs.o(.text)
    __aeabi_memcpy                           0x08017721   Thumb Code    36  memcpya.o(.text)
    __aeabi_memcpy4                          0x08017721   Thumb Code     0  memcpya.o(.text)
    __aeabi_memcpy8                          0x08017721   Thumb Code     0  memcpya.o(.text)
    __aeabi_memset                           0x08017745   Thumb Code    14  memseta.o(.text)
    __aeabi_memset4                          0x08017745   Thumb Code     0  memseta.o(.text)
    __aeabi_memset8                          0x08017745   Thumb Code     0  memseta.o(.text)
    __aeabi_memclr                           0x08017753   Thumb Code     4  memseta.o(.text)
    __aeabi_memclr4                          0x08017753   Thumb Code     0  memseta.o(.text)
    __aeabi_memclr8                          0x08017753   Thumb Code     0  memseta.o(.text)
    _memset$wrapper                          0x08017757   Thumb Code    18  memseta.o(.text)
    strstr                                   0x08017769   Thumb Code    36  strstr.o(.text)
    strncpy                                  0x0801778d   Thumb Code    24  strncpy.o(.text)
    strlen                                   0x080177a5   Thumb Code    14  strlen.o(.text)
    strtok                                   0x080177b5   Thumb Code    62  strtok.o(.text)
    atoi                                     0x080177f9   Thumb Code    26  atoi.o(.text)
    __aeabi_fadd                             0x08017813   Thumb Code   164  fadd.o(.text)
    __aeabi_fsub                             0x080178b7   Thumb Code     6  fadd.o(.text)
    __aeabi_frsub                            0x080178bd   Thumb Code     6  fadd.o(.text)
    __aeabi_fmul                             0x080178c3   Thumb Code   100  fmul.o(.text)
    __aeabi_fdiv                             0x08017927   Thumb Code   124  fdiv.o(.text)
    __aeabi_dadd                             0x080179a3   Thumb Code   322  dadd.o(.text)
    __aeabi_dsub                             0x08017ae5   Thumb Code     6  dadd.o(.text)
    __aeabi_drsub                            0x08017aeb   Thumb Code     6  dadd.o(.text)
    __aeabi_dmul                             0x08017af1   Thumb Code   228  dmul.o(.text)
    __aeabi_ddiv                             0x08017bd5   Thumb Code   222  ddiv.o(.text)
    __aeabi_ui2f                             0x08017cb3   Thumb Code    10  ffltui.o(.text)
    __aeabi_i2d                              0x08017cbd   Thumb Code    34  dflti.o(.text)
    __aeabi_ui2d                             0x08017cdf   Thumb Code    26  dfltui.o(.text)
    __aeabi_f2uiz                            0x08017cf9   Thumb Code    40  ffixui.o(.text)
    __aeabi_d2iz                             0x08017d21   Thumb Code    62  dfixi.o(.text)
    __aeabi_d2uiz                            0x08017d5f   Thumb Code    50  dfixui.o(.text)
    __aeabi_f2d                              0x08017d91   Thumb Code    38  f2d.o(.text)
    __aeabi_cdcmpeq                          0x08017db9   Thumb Code     0  cdcmple.o(.text)
    __aeabi_cdcmple                          0x08017db9   Thumb Code    48  cdcmple.o(.text)
    __aeabi_cdrcmple                         0x08017de9   Thumb Code    48  cdrcmple.o(.text)
    __aeabi_d2f                              0x08017e19   Thumb Code    56  d2f.o(.text)
    __aeabi_cfcmpeq                          0x08017e51   Thumb Code     0  cfcmple.o(.text)
    __aeabi_cfcmple                          0x08017e51   Thumb Code    20  cfcmple.o(.text)
    __aeabi_cfrcmple                         0x08017e65   Thumb Code    20  cfrcmple.o(.text)
    __aeabi_uidiv                            0x08017e79   Thumb Code     0  uidiv.o(.text)
    __aeabi_uidivmod                         0x08017e79   Thumb Code    44  uidiv.o(.text)
    __aeabi_uldivmod                         0x08017ea5   Thumb Code    98  uldiv.o(.text)
    __aeabi_llsl                             0x08017f07   Thumb Code    30  llshl.o(.text)
    _ll_shift_l                              0x08017f07   Thumb Code     0  llshl.o(.text)
    __aeabi_llsr                             0x08017f25   Thumb Code    32  llushr.o(.text)
    _ll_ushift_r                             0x08017f25   Thumb Code     0  llushr.o(.text)
    __aeabi_lasr                             0x08017f45   Thumb Code    36  llsshr.o(.text)
    _ll_sshift_r                             0x08017f45   Thumb Code     0  llsshr.o(.text)
    __strtod_int                             0x08017f9f   Thumb Code    90  strtod.o(.text)
    strtol                                   0x08018005   Thumb Code   112  strtol.o(.text)
    __I$use$fp                               0x08018075   Thumb Code     0  iusefp.o(.text)
    _float_round                             0x08018075   Thumb Code    18  fepilogue.o(.text)
    _float_epilogue                          0x08018087   Thumb Code    92  fepilogue.o(.text)
    _double_round                            0x080180e3   Thumb Code    30  depilogue.o(.text)
    _double_epilogue                         0x08018101   Thumb Code   156  depilogue.o(.text)
    __ARM_scalbn                             0x0801819d   Thumb Code    46  dscalb.o(.text)
    scalbn                                   0x0801819d   Thumb Code     0  dscalb.o(.text)
    _dsqrt                                   0x080181cb   Thumb Code   162  dsqrt.o(.text)
    __aeabi_d2ulz                            0x0801826d   Thumb Code    48  dfixul.o(.text)
    __scatterload                            0x0801829d   Thumb Code    28  init.o(.text)
    __scatterload_rt2                        0x0801829d   Thumb Code     0  init.o(.text)
    __rt_ctype_table                         0x080182c1   Thumb Code     4  ctype_o.o(.text)
    isspace                                  0x080182c9   Thumb Code    18  isspace_o.o(.text)
    _scanf_real                              0x080183dd   Thumb Code     0  scanf_fp.o(.text)
    _scanf_really_real                       0x080183dd   Thumb Code   556  scanf_fp.o(.text)
    _sgetc                                   0x08018615   Thumb Code    30  _sgetc.o(.text)
    _sbackspace                              0x08018633   Thumb Code    34  _sgetc.o(.text)
    _strtoul                                 0x08018655   Thumb Code   158  _strtoul.o(.text)
    _chval                                   0x080186f3   Thumb Code    28  _chval.o(.text)
    __aeabi_ul2d                             0x0801870f   Thumb Code    24  dfltul.o(.text)
    __decompress                             0x08018727   Thumb Code     0  __dclz77c.o(.text)
    __decompress2                            0x08018727   Thumb Code    94  __dclz77c.o(.text)
    I2C_Delay                                0x08018785   Thumb Code    10  i2c.o(i.I2C_Delay)
    POWER_IOVCC_Reset                        0x08018791   Thumb Code    12  power.o(i.POWER_IOVCC_Reset)
    POWER_IOVCC_Set                          0x080187a1   Thumb Code    12  power.o(i.POWER_IOVCC_Set)
    POWER_VCI_Reset                          0x080187b1   Thumb Code    12  power.o(i.POWER_VCI_Reset)
    POWER_VCI_Set                            0x080187c1   Thumb Code    12  power.o(i.POWER_VCI_Set)
    POWER_VSN_Reset                          0x080187d1   Thumb Code    12  power.o(i.POWER_VSN_Reset)
    POWER_VSN_Set                            0x080187e1   Thumb Code    12  power.o(i.POWER_VSN_Set)
    POWER_VSP_Reset                          0x080187f1   Thumb Code    14  power.o(i.POWER_VSP_Reset)
    POWER_VSP_Set                            0x08018805   Thumb Code    14  power.o(i.POWER_VSP_Set)
    __0printf                                0x08018819   Thumb Code    22  printfa.o(i.__0printf)
    __1printf                                0x08018819   Thumb Code     0  printfa.o(i.__0printf)
    __2printf                                0x08018819   Thumb Code     0  printfa.o(i.__0printf)
    __c89printf                              0x08018819   Thumb Code     0  printfa.o(i.__0printf)
    printf                                   0x08018819   Thumb Code     0  printfa.o(i.__0printf)
    __0sprintf                               0x08018839   Thumb Code    34  printfa.o(i.__0sprintf)
    __1sprintf                               0x08018839   Thumb Code     0  printfa.o(i.__0sprintf)
    __2sprintf                               0x08018839   Thumb Code     0  printfa.o(i.__0sprintf)
    __c89sprintf                             0x08018839   Thumb Code     0  printfa.o(i.__0sprintf)
    sprintf                                  0x08018839   Thumb Code     0  printfa.o(i.__0sprintf)
    __ARM_fpclassify                         0x08018861   Thumb Code    40  fpclassify.o(i.__ARM_fpclassify)
    __aeabi_errno_addr                       0x08018889   Thumb Code     4  errno.o(i.__aeabi_errno_addr)
    __rt_errno_addr                          0x08018889   Thumb Code     0  errno.o(i.__aeabi_errno_addr)
    __ieee754_rem_pio2                       0x08018891   Thumb Code   828  rred.o(i.__ieee754_rem_pio2)
    __kernel_cos                             0x08018c19   Thumb Code   230  cos_i.o(i.__kernel_cos)
    __kernel_poly                            0x08018d15   Thumb Code   170  poly.o(i.__kernel_poly)
    __kernel_sin                             0x08018dc1   Thumb Code   224  sin_i.o(i.__kernel_sin)
    __mathlib_dbl_divzero                    0x08018ead   Thumb Code    12  dunder.o(i.__mathlib_dbl_divzero)
    __mathlib_dbl_infnan                     0x08018ebd   Thumb Code     6  dunder.o(i.__mathlib_dbl_infnan)
    __mathlib_dbl_infnan2                    0x08018ec3   Thumb Code     4  dunder.o(i.__mathlib_dbl_infnan2)
    __mathlib_dbl_invalid                    0x08018ec7   Thumb Code    12  dunder.o(i.__mathlib_dbl_invalid)
    __mathlib_dbl_overflow                   0x08018ed3   Thumb Code    14  dunder.o(i.__mathlib_dbl_overflow)
    __mathlib_dbl_underflow                  0x08018ee1   Thumb Code    10  dunder.o(i.__mathlib_dbl_underflow)
    __read_errno                             0x08018ef1   Thumb Code     6  errno.o(i.__read_errno)
    __scatterload_copy                       0x08018efd   Thumb Code    14  handlers.o(i.__scatterload_copy)
    __scatterload_null                       0x08018f0b   Thumb Code     2  handlers.o(i.__scatterload_null)
    __scatterload_zeroinit                   0x08018f0d   Thumb Code    14  handlers.o(i.__scatterload_zeroinit)
    __set_errno                              0x08018f1d   Thumb Code     6  errno.o(i.__set_errno)
    _is_digit                                0x080190ad   Thumb Code    14  scanf_fp.o(i._is_digit)
    atof                                     0x080197f5   Thumb Code    42  atof.o(i.atof)
    cos                                      0x08019821   Thumb Code   148  cos.o(i.cos)
    exp                                      0x080198bd   Thumb Code   554  exp.o(i.exp)
    floor                                    0x08019b41   Thumb Code   204  floor.o(i.floor)
    free                                     0x08019c1d   Thumb Code    76  malloc.o(i.free)
    log                                      0x08019c6d   Thumb Code   808  log.o(i.log)
    log10                                    0x08019fc9   Thumb Code   198  log10.o(i.log10)
    malloc                                   0x0801a0ad   Thumb Code    92  malloc.o(i.malloc)
    pow                                      0x0801a119   Thumb Code  2512  pow.o(i.pow)
    sin                                      0x0801aaf1   Thumb Code   150  sin.o(i.sin)
    sqrt                                     0x0801ab91   Thumb Code    76  sqrt.o(i.sqrt)
    LED_PIN                                  0x0801abdc   Data           6  led.o(.constdata)
    __mathlib_zero                           0x0801b168   Data           8  qnan.o(.constdata)
    __ctype_table                            0x0801b260   Data         129  ctype_o.o(.constdata)
    Region$$Table$$Base                      0x0801c498   Number         0  anon$$obj.o(Region$$Table)
    Region$$Table$$Limit                     0x0801c4b8   Number         0  anon$$obj.o(Region$$Table)
    SystemCoreClock                          0x20000010   Data           4  system_stm32f2xx.o(.data)
    AHBPrescTable                            0x20000014   Data          16  system_stm32f2xx.o(.data)
    TEST_MODE                                0x20000024   Data           1  main.o(.data)
    PC_COM                                   0x20000030   Data           4  usart.o(.data)
    MSE_COM                                  0x20000034   Data           4  usart.o(.data)
    USART_RDataCnt                           0x20000038   Data           2  usart.o(.data)
    debug                                    0x2000003c   Data           4  usart.o(.data)
    debug1                                   0x20000040   Data           4  usart.o(.data)
    flag_blink                               0x20000044   Data           1  usart.o(.data)
    r1                                       0x20000045   Data           1  usart.o(.data)
    g1                                       0x20000046   Data           1  usart.o(.data)
    b1                                       0x20000047   Data           1  usart.o(.data)
    r2                                       0x20000048   Data           1  usart.o(.data)
    g2                                       0x20000049   Data           1  usart.o(.data)
    b2                                       0x2000004a   Data           1  usart.o(.data)
    interval                                 0x2000004c   Data           2  usart.o(.data)
    ID1                                      0x2000004e   Data           1  usart.o(.data)
    ID2                                      0x2000004f   Data           1  usart.o(.data)
    ID3                                      0x20000050   Data           1  usart.o(.data)
    USART_EvenStatus                         0x20000051   Data           1  usart.o(.data)
    USART_CMD_FLAG                           0x20000052   Data           1  usart.o(.data)
    auto_line                                0x20000053   Data           1  usart.o(.data)
    GAMMAEXPERT                              0x20000054   Data           1  usart.o(.data)
    Flag_1ms_Timeup                          0x20000058   Data           1  timer.o(.data)
    Timer3_Ms_Counter                        0x2000005c   Data           4  timer.o(.data)
    Timer4_Sec_Counter                       0x20000060   Data           2  timer.o(.data)
    Admesy_RDataCnt                          0x20000064   Data           2  admesy.o(.data)
    Admesy_RDataFlag                         0x20000066   Data           1  admesy.o(.data)
    MSE_State                                0x20000067   Data           1  admesy.o(.data)
    Flicker                                  0x20000068   Data           4  admesy.o(.data)
    color_x                                  0x2000006c   Data           4  admesy.o(.data)
    color_y                                  0x20000070   Data           4  admesy.o(.data)
    Lv                                       0x20000074   Data           4  admesy.o(.data)
    CCT                                      0x20000078   Data           4  admesy.o(.data)
    color_u                                  0x2000007c   Data           4  admesy.o(.data)
    color_v                                  0x20000080   Data           4  admesy.o(.data)
    ADC_ConvertedValue                       0x20000084   Data           2  adc.o(.data)
    I2C_PORT_SDA                             0x20000088   Data           4  i2c.o(.data)
    I2C_PORT_SCL                             0x2000008c   Data           4  i2c.o(.data)
    I2C_PIN_SDA                              0x20000090   Data           2  i2c.o(.data)
    I2C_PIN_SCL                              0x20000092   Data           2  i2c.o(.data)
    I2C_ADDR                                 0x20000094   Data           1  i2c.o(.data)
    DSENSOR_I2C_ADDR                         0x20000095   Data           1  digital_sensor.o(.data)
    LED_PORT                                 0x20000098   Data          12  led.o(.data)
    keyStateTemp                             0x200000a4   Data           1  key.o(.data)
    CTPStateTemp                             0x200000a5   Data           1  key.o(.data)
    TOTAL_DIS_NUM                            0x200000a6   Data           1  key.o(.data)
    DIS_NUM                                  0x200000a7   Data           1  key.o(.data)
    DIS_NUM_OLD                              0x200000a8   Data           1  key.o(.data)
    LED_TEMP                                 0x200000a9   Data           1  key.o(.data)
    DIS_AUTO                                 0x200000aa   Data           1  key.o(.data)
    SSD_B7                                   0x200000b2   Data           2  ssd2828.o(.data)
    hsum                                     0x200000b4   Data           2  fpga.o(.data)
    vsum                                     0x200000b6   Data           2  fpga.o(.data)
    line_ram                                 0x200000b8   Data           2  fpga.o(.data)
    frame_ram_h                              0x200000ba   Data           2  fpga.o(.data)
    frame_ram_l                              0x200000bc   Data           2  fpga.o(.data)
    PWM_T_cnt                                0x200000be   Data           2  lcd.o(.data)
    PWM_DUTY                                 0x200000c0   Data           2  lcd.o(.data)
    StopCondition                            0x200000cc   Data           4  sdcard.o(.data)
    TransferError                            0x200000d0   Data           1  sdcard.o(.data)
    TransferEnd                              0x200000d4   Data           4  sdcard.o(.data)
    Pic_Load                                 0x200000d8   Data           1  bsp_bmp.o(.data)
    Pic_Load_Finish                          0x200000d9   Data           1  bsp_bmp.o(.data)
    bmpres                                   0x200000da   Data           1  bsp_bmp.o(.data)
    Flag_Test_Current                        0x200000dc   Data           1  lcd_test.o(.data)
    current_NG                               0x200000dd   Data           1  lcd_test.o(.data)
    SDCard_NG                                0x200000de   Data           1  lcd_test.o(.data)
    TE_NG                                    0x200000df   Data           1  lcd_test.o(.data)
    PWM_NG                                   0x200000e0   Data           1  lcd_test.o(.data)
    ID_NG                                    0x200000e1   Data           1  lcd_test.o(.data)
    FW_NG                                    0x200000e2   Data           1  lcd_test.o(.data)
    FPGA_NG                                  0x200000e3   Data           1  lcd_test.o(.data)
    delay_cnt                                0x200000e4   Data           2  lcd_test.o(.data)
    PWM_detect_cnt                           0x200000e6   Data           2  lcd_test.o(.data)
    PWM_DDIC_LOW                             0x200000e8   Data           2  lcd_test.o(.data)
    PWM_DDIC_HIGH                            0x200000ea   Data           2  lcd_test.o(.data)
    PWM_pre                                  0x200000ec   Data           1  lcd_test.o(.data)
    PWM_curr                                 0x200000ed   Data           1  lcd_test.o(.data)
    I_IOVCC                                  0x200000f0   Data           4  lcd_test.o(.data)
    I_VSP                                    0x200000f4   Data           4  lcd_test.o(.data)
    I_VSN                                    0x200000f8   Data           4  lcd_test.o(.data)
    I_LEDA                                   0x200000fc   Data           4  lcd_test.o(.data)
    SPEC_MAX_IOVCC                           0x20000100   Data           4  lcd_test.o(.data)
    SPEC_MAX_VSP                             0x20000104   Data           4  lcd_test.o(.data)
    SPEC_MAX_VSN                             0x20000108   Data           4  lcd_test.o(.data)
    SPEC_LEDA_MIN                            0x2000010c   Data           4  lcd_test.o(.data)
    SPEC_LEDA_MAX                            0x20000110   Data           4  lcd_test.o(.data)
    ID_ColorCheck                            0x20000114   Data           1  lcd_test.o(.data)
    ID_LVCheck                               0x20000115   Data           1  lcd_test.o(.data)
    ID_PJ2Check                              0x20000116   Data           1  lcd_test.o(.data)
    flicker_best                             0x20000118   Data           4  test_otp.o(.data)
    white                                    0x2000011c   Data           4  test_otp.o(.data)
    black                                    0x20000120   Data           4  test_otp.o(.data)
    chroma_x                                 0x20000124   Data           4  test_otp.o(.data)
    chroma_y                                 0x20000128   Data           4  test_otp.o(.data)
    chroma_Lv                                0x2000012c   Data           4  test_otp.o(.data)
    chroma_u                                 0x20000130   Data           4  test_otp.o(.data)
    chroma_v                                 0x20000134   Data           4  test_otp.o(.data)
    Gamma                                    0x20000138   Data           8  test_otp.o(.data)
    dif                                      0x20000140   Data           8  test_otp.o(.data)
    OTP_FLAG                                 0x20000148   Data           1  test_otp.o(.data)
    LPatNum                                  0x20000149   Data           1  test_sdcard.o(.data)
    SD_MODE_ERROR                            0x2000014a   Data           1  test_sdcard.o(.data)
    FPGA_porchPara                           0x2000014c   Data          10  common_initialcode_6.5inch_cof_nt36682a_cmos_v4p0_20180704.o(.data)
    SSDInitCode                              0x20000156   Data         124  common_initialcode_6.5inch_cof_nt36682a_cmos_v4p0_20180704.o(.data)
    ET1_InitCode                             0x200001d2   Data        2032  common_initialcode_6.5inch_cof_nt36682a_cmos_v4p0_20180704.o(.data)
    ET2_InitCode                             0x200009c2   Data          58  common_initialcode_6.5inch_cof_nt36682a_cmos_v4p0_20180704.o(.data)
    RA_InitCode                              0x200009fc   Data         140  common_initialcode_6.5inch_cof_nt36682a_cmos_v4p0_20180704.o(.data)
    OTP_TIMES                                0x20000a88   Data           1  common_otpcode_nt36672a_v3.o(.data)
    vcom_best                                0x20000a8a   Data           2  common_otpcode_nt36672a_v3.o(.data)
    MAIN_PORT                                0x20000a8c   Data           1  common_otpcode_nt36672a_v3.o(.data)
    TCH_SPI_CSN_PIN                          0x20000a90   Data           2  nt36672a_fw_update_v1p0.o(.data)
    TCH_SPI_CSN_GPIO_PORT                    0x20000a94   Data           4  nt36672a_fw_update_v1p0.o(.data)
    ENG_RST_ADDR                             0x20000a98   Data           4  nt36672a_fw_update_v1p0.o(.data)
    SWRST_N8_ADDR                            0x20000a9c   Data           4  nt36672a_fw_update_v1p0.o(.data)
    support_hw_crc                           0x20000aa0   Data           1  nt36672a_fw_update_v1p0.o(.data)
    fileSize                                 0x20000aa8   Data           4  nt36672a_fw_update_v1p0.o(.data)
    FWVersion                                0x20000aac   Data          12  nt36672a_fw_update_v1p0.o(.data)
    __stdout                                 0x20000acc   Data           4  stdout.o(.data)
    __microlib_freelist                      0x20000ad0   Data           4  mvars.o(.data)
    __microlib_freelist_initialised          0x20000ad4   Data           4  mvars.o(.data)
    USART_RData                              0x20000adc   Data        1024  usart.o(.bss)
    Admesy_RData                             0x20000edc   Data        8224  admesy.o(.bss)
    SDCardInfo                               0x20002f2c   Data          80  sdcard.o(.bss)
    SDIO_InitStructure                       0x20002f7c   Data          24  sdcard.o(.bss)
    SDIO_CmdInitStructure                    0x20002f94   Data          20  sdcard.o(.bss)
    SDIO_DataInitStructure                   0x20002fa8   Data          24  sdcard.o(.bss)
    pColorData                               0x20002fc0   Data        8000  bsp_bmp.o(.bss)
    bmpfs                                    0x20004f00   Data        1128  bsp_bmp.o(.bss)
    bmpfsrc                                  0x20005368   Data         552  bsp_bmp.o(.bss)
    OTPInfo_FilePath                         0x20005590   Data          32  test_otp.o(.bss)
    VERSION_DISPLAY                          0x200055b0   Data          10  test_sdcard.o(.bss)
    PRO_DISPLAY                              0x200055ba   Data          20  test_sdcard.o(.bss)
    Patten_Buf                               0x200055ce   Data        1024  test_sdcard.o(.bss)
    fwfile                                   0x200059d0   Data         552  nt36672a_fw_update_v1p0.o(.bss)
    filedir                                  0x20005bf8   Data          52  nt36672a_fw_update_v1p0.o(.bss)
    FWContent                                0x20005c2c   Data        1024  nt36672a_fw_update_v1p0.o(.bss)
    fwbuf                                    0x2000602c   Data          20  nt36672a_fw_update_v1p0.o(.bss)
    FW_project                               0x20006040   Data          14  nt36672a_fw_update_v1p0.o(.bss)
    __heap_base                              0x20006368   Data           0  startup_stm32f2xx.o(HEAP)
    __heap_limit                             0x2001e368   Data           0  startup_stm32f2xx.o(HEAP)
    __initial_sp                             0x2001e768   Data           0  startup_stm32f2xx.o(STACK)



==============================================================================

Memory Map of the image

  Image Entry point : 0x08000185

  Load Region LR_IROM1 (Base: 0x08000000, Size: 0x0001cf94, Max: 0x00100000, ABSOLUTE, COMPRESSED[0x0001c944])

    Execution Region ER_IROM1 (Base: 0x08000000, Size: 0x0001c4b8, Max: 0x00100000, ABSOLUTE)

    Base Addr    Size         Type   Attr      Idx    E Section Name        Object

    0x08000000   0x00000184   Data   RO            3    RESET               startup_stm32f2xx.o
    0x08000184   0x00000000   Code   RO         1236  * .ARM.Collect$$$$00000000  mc_w.l(entry.o)
    0x08000184   0x00000004   Code   RO         1633    .ARM.Collect$$$$00000001  mc_w.l(entry2.o)
    0x08000188   0x00000004   Code   RO         1636    .ARM.Collect$$$$00000004  mc_w.l(entry5.o)
    0x0800018c   0x00000000   Code   RO         1638    .ARM.Collect$$$$00000008  mc_w.l(entry7b.o)
    0x0800018c   0x00000000   Code   RO         1640    .ARM.Collect$$$$0000000A  mc_w.l(entry8b.o)
    0x0800018c   0x00000008   Code   RO         1641    .ARM.Collect$$$$0000000B  mc_w.l(entry9a.o)
    0x08000194   0x00000000   Code   RO         1643    .ARM.Collect$$$$0000000D  mc_w.l(entry10a.o)
    0x08000194   0x00000000   Code   RO         1645    .ARM.Collect$$$$0000000F  mc_w.l(entry11a.o)
    0x08000194   0x00000004   Code   RO         1634    .ARM.Collect$$$$00002712  mc_w.l(entry2.o)
    0x08000198   0x00000024   Code   RO            4    .text               startup_stm32f2xx.o
    0x080001bc   0x0000025c   Code   RO           10    .text               stm32f2xx_gpio.o
    0x08000418   0x00000588   Code   RO           67    .text               stm32f2xx_rcc.o
    0x080009a0   0x0000041a   Code   RO           81    .text               stm32f2xx_usart.o
    0x08000dba   0x00000002   PAD
    0x08000dbc   0x000003a8   Code   RO           93    .text               stm32f2xx_dma.o
    0x08001164   0x00000464   Code   RO          105    .text               stm32f2xx_adc.o
    0x080015c8   0x000000e0   Code   RO          117    .text               misc.o
    0x080016a8   0x00000608   Code   RO          144    .text               stm32f2xx_fsmc.o
    0x08001cb0   0x000001f0   Code   RO          156    .text               stm32f2xx_sdio.o
    0x08001ea0   0x00000ca2   Code   RO          168    .text               stm32f2xx_tim.o
    0x08002b42   0x00000002   PAD
    0x08002b44   0x000001e0   Code   RO          190    .text               system_stm32f2xx.o
    0x08002d24   0x00000398   Code   RO          208    .text               main.o
    0x080030bc   0x00000140   Code   RO          375    .text               taskpolling.o
    0x080031fc   0x00000058   Code   RO          392    .text               stm32f2xx_it.o
    0x08003254   0x00000144   Code   RO          404    .text               systick.o
    0x08003398   0x0000056c   Code   RO          422    .text               board_conf.o
    0x08003904   0x00001bd8   Code   RO          435    .text               usart.o
    0x080054dc   0x0000019c   Code   RO          506    .text               timer.o
    0x08005678   0x00000a60   Code   RO          525    .text               admesy.o
    0x080060d8   0x00000cb8   Code   RO          544    .text               admesy_flicker.o
    0x08006d90   0x00000ed4   Code   RO          581    .text               kiss_fft.o
    0x08007c64   0x00000330   Code   RO          593    .text               adc.o
    0x08007f94   0x0000078c   Code   RO          608    .text               i2c.o
    0x08008720   0x00000414   Code   RO          634    .text               power.o
    0x08008b34   0x00000284   Code   RO          691    .text               digital_sensor.o
    0x08008db8   0x000003c4   Code   RO          707    .text               eeprom.o
    0x0800917c   0x00000090   Code   RO          719    .text               led.o
    0x0800920c   0x00000718   Code   RO          735    .text               key.o
    0x08009924   0x00000880   Code   RO          754    .text               ssd2828.o
    0x0800a1a4   0x00000ebc   Code   RO          776    .text               fpga.o
    0x0800b060   0x00000ae0   Code   RO          798    .text               lcd.o
    0x0800bb40   0x00001834   Code   RO          817    .text               sdcard.o
    0x0800d374   0x000005a0   Code   RO          833    .text               bsp_bmp.o
    0x0800d914   0x000018f4   Code   RO          852    .text               lcd_test.o
    0x0800f208   0x0000056c   Code   RO          879    .text               test_debug.o
    0x0800f774   0x0000009c   Code   RO          891    .text               test_demo.o
    0x0800f810   0x000003b4   Code   RO          903    .text               test_od.o
    0x0800fbc4   0x0000009c   Code   RO          915    .text               test_et1.o
    0x0800fc60   0x000002f0   Code   RO          927    .text               test_et2.o
    0x0800ff50   0x000000ac   Code   RO          940    .text               test_et3.o
    0x0800fffc   0x0000238c   Code   RO          952    .text               test_otp.o
    0x08012388   0x00000054   Code   RO          976    .text               test_ra.o
    0x080123dc   0x000002b8   Code   RO          988    .text               test_esd.o
    0x08012694   0x00000144   Code   RO         1000    .text               test_ctp.o
    0x080127d8   0x0000029c   Code   RO         1012    .text               test_oqc1.o
    0x08012a74   0x00000350   Code   RO         1024    .text               test_sdcard.o
    0x08012dc4   0x00000928   Code   RO         1058    .text               common_otpcode_nt36672a_v3.o
    0x080136ec   0x00001588   Code   RO         1078    .text               nt36672a_fw_update_v1p0.o
    0x08014c74   0x00002854   Code   RO         1099    .text               ff.o
    0x080174c8   0x00000168   Code   RO         1127    .text               diskio.o
    0x08017630   0x000000f0   Code   RO         1145    .text               ccsbcs.o
    0x08017720   0x00000024   Code   RO         1239    .text               mc_w.l(memcpya.o)
    0x08017744   0x00000024   Code   RO         1241    .text               mc_w.l(memseta.o)
    0x08017768   0x00000024   Code   RO         1243    .text               mc_w.l(strstr.o)
    0x0801778c   0x00000018   Code   RO         1245    .text               mc_w.l(strncpy.o)
    0x080177a4   0x0000000e   Code   RO         1247    .text               mc_w.l(strlen.o)
    0x080177b2   0x00000002   PAD
    0x080177b4   0x00000044   Code   RO         1249    .text               mc_w.l(strtok.o)
    0x080177f8   0x0000001a   Code   RO         1546    .text               mc_w.l(atoi.o)
    0x08017812   0x000000b0   Code   RO         1548    .text               mf_w.l(fadd.o)
    0x080178c2   0x00000064   Code   RO         1550    .text               mf_w.l(fmul.o)
    0x08017926   0x0000007c   Code   RO         1552    .text               mf_w.l(fdiv.o)
    0x080179a2   0x0000014e   Code   RO         1554    .text               mf_w.l(dadd.o)
    0x08017af0   0x000000e4   Code   RO         1556    .text               mf_w.l(dmul.o)
    0x08017bd4   0x000000de   Code   RO         1558    .text               mf_w.l(ddiv.o)
    0x08017cb2   0x0000000a   Code   RO         1560    .text               mf_w.l(ffltui.o)
    0x08017cbc   0x00000022   Code   RO         1562    .text               mf_w.l(dflti.o)
    0x08017cde   0x0000001a   Code   RO         1564    .text               mf_w.l(dfltui.o)
    0x08017cf8   0x00000028   Code   RO         1566    .text               mf_w.l(ffixui.o)
    0x08017d20   0x0000003e   Code   RO         1568    .text               mf_w.l(dfixi.o)
    0x08017d5e   0x00000032   Code   RO         1570    .text               mf_w.l(dfixui.o)
    0x08017d90   0x00000026   Code   RO         1572    .text               mf_w.l(f2d.o)
    0x08017db6   0x00000002   PAD
    0x08017db8   0x00000030   Code   RO         1574    .text               mf_w.l(cdcmple.o)
    0x08017de8   0x00000030   Code   RO         1576    .text               mf_w.l(cdrcmple.o)
    0x08017e18   0x00000038   Code   RO         1578    .text               mf_w.l(d2f.o)
    0x08017e50   0x00000014   Code   RO         1580    .text               mf_w.l(cfcmple.o)
    0x08017e64   0x00000014   Code   RO         1582    .text               mf_w.l(cfrcmple.o)
    0x08017e78   0x0000002c   Code   RO         1648    .text               mc_w.l(uidiv.o)
    0x08017ea4   0x00000062   Code   RO         1650    .text               mc_w.l(uldiv.o)
    0x08017f06   0x0000001e   Code   RO         1652    .text               mc_w.l(llshl.o)
    0x08017f24   0x00000020   Code   RO         1654    .text               mc_w.l(llushr.o)
    0x08017f44   0x00000024   Code   RO         1656    .text               mc_w.l(llsshr.o)
    0x08017f68   0x0000009c   Code   RO         1667    .text               mc_w.l(strtod.o)
    0x08018004   0x00000070   Code   RO         1669    .text               mc_w.l(strtol.o)
    0x08018074   0x00000000   Code   RO         1671    .text               mc_w.l(iusefp.o)
    0x08018074   0x0000006e   Code   RO         1672    .text               mf_w.l(fepilogue.o)
    0x080180e2   0x000000ba   Code   RO         1674    .text               mf_w.l(depilogue.o)
    0x0801819c   0x0000002e   Code   RO         1676    .text               mf_w.l(dscalb.o)
    0x080181ca   0x000000a2   Code   RO         1678    .text               mf_w.l(dsqrt.o)
    0x0801826c   0x00000030   Code   RO         1680    .text               mf_w.l(dfixul.o)
    0x0801829c   0x00000024   Code   RO         1682    .text               mc_w.l(init.o)
    0x080182c0   0x00000008   Code   RO         1686    .text               mc_w.l(ctype_o.o)
    0x080182c8   0x00000012   Code   RO         1708    .text               mc_w.l(isspace_o.o)
    0x080182da   0x00000002   PAD
    0x080182dc   0x00000338   Code   RO         1714    .text               mc_w.l(scanf_fp.o)
    0x08018614   0x00000040   Code   RO         1718    .text               mc_w.l(_sgetc.o)
    0x08018654   0x0000009e   Code   RO         1720    .text               mc_w.l(_strtoul.o)
    0x080186f2   0x0000001c   Code   RO         1725    .text               mc_w.l(_chval.o)
    0x0801870e   0x00000018   Code   RO         1727    .text               mf_w.l(dfltul.o)
    0x08018726   0x0000005e   Code   RO         1737    .text               mc_w.l(__dclz77c.o)
    0x08018784   0x0000000a   Code   RO          620    i.I2C_Delay         i2c.o
    0x0801878e   0x00000002   PAD
    0x08018790   0x00000010   Code   RO          659    i.POWER_IOVCC_Reset  power.o
    0x080187a0   0x00000010   Code   RO          654    i.POWER_IOVCC_Set   power.o
    0x080187b0   0x00000010   Code   RO          649    i.POWER_VCI_Reset   power.o
    0x080187c0   0x00000010   Code   RO          644    i.POWER_VCI_Set     power.o
    0x080187d0   0x00000010   Code   RO          669    i.POWER_VSN_Reset   power.o
    0x080187e0   0x00000010   Code   RO          664    i.POWER_VSN_Set     power.o
    0x080187f0   0x00000014   Code   RO          679    i.POWER_VSP_Reset   power.o
    0x08018804   0x00000014   Code   RO          674    i.POWER_VSP_Set     power.o
    0x08018818   0x00000020   Code   RO         1490    i.__0printf         mc_w.l(printfa.o)
    0x08018838   0x00000028   Code   RO         1492    i.__0sprintf        mc_w.l(printfa.o)
    0x08018860   0x00000028   Code   RO         1601    i.__ARM_fpclassify  m_ws.l(fpclassify.o)
    0x08018888   0x00000008   Code   RO         1660    i.__aeabi_errno_addr  mc_w.l(errno.o)
    0x08018890   0x00000388   Code   RO         1616    i.__ieee754_rem_pio2  m_ws.l(rred.o)
    0x08018c18   0x000000fc   Code   RO         1584    i.__kernel_cos      m_ws.l(cos_i.o)
    0x08018d14   0x000000aa   Code   RO         1613    i.__kernel_poly     m_ws.l(poly.o)
    0x08018dbe   0x00000002   PAD
    0x08018dc0   0x000000ec   Code   RO         1621    i.__kernel_sin      m_ws.l(sin_i.o)
    0x08018eac   0x00000010   Code   RO         1587    i.__mathlib_dbl_divzero  m_ws.l(dunder.o)
    0x08018ebc   0x00000006   Code   RO         1588    i.__mathlib_dbl_infnan  m_ws.l(dunder.o)
    0x08018ec2   0x00000004   Code   RO         1589    i.__mathlib_dbl_infnan2  m_ws.l(dunder.o)
    0x08018ec6   0x0000000c   Code   RO         1590    i.__mathlib_dbl_invalid  m_ws.l(dunder.o)
    0x08018ed2   0x0000000e   Code   RO         1591    i.__mathlib_dbl_overflow  m_ws.l(dunder.o)
    0x08018ee0   0x00000010   Code   RO         1593    i.__mathlib_dbl_underflow  m_ws.l(dunder.o)
    0x08018ef0   0x0000000c   Code   RO         1661    i.__read_errno      mc_w.l(errno.o)
    0x08018efc   0x0000000e   Code   RO         1731    i.__scatterload_copy  mc_w.l(handlers.o)
    0x08018f0a   0x00000002   Code   RO         1732    i.__scatterload_null  mc_w.l(handlers.o)
    0x08018f0c   0x0000000e   Code   RO         1733    i.__scatterload_zeroinit  mc_w.l(handlers.o)
    0x08018f1a   0x00000002   PAD
    0x08018f1c   0x0000000c   Code   RO         1662    i.__set_errno       mc_w.l(errno.o)
    0x08018f28   0x00000184   Code   RO         1497    i._fp_digits        mc_w.l(printfa.o)
    0x080190ac   0x0000000e   Code   RO         1716    i._is_digit         mc_w.l(scanf_fp.o)
    0x080190ba   0x00000002   PAD
    0x080190bc   0x000006dc   Code   RO         1498    i._printf_core      mc_w.l(printfa.o)
    0x08019798   0x00000024   Code   RO         1499    i._printf_post_padding  mc_w.l(printfa.o)
    0x080197bc   0x0000002e   Code   RO         1500    i._printf_pre_padding  mc_w.l(printfa.o)
    0x080197ea   0x0000000a   Code   RO         1502    i._sputc            mc_w.l(printfa.o)
    0x080197f4   0x0000002a   Code   RO         1169    i.atof              m_ws.l(atof.o)
    0x0801981e   0x00000002   PAD
    0x08019820   0x0000009c   Code   RO         1173    i.cos               m_ws.l(cos.o)
    0x080198bc   0x00000284   Code   RO         1181    i.exp               m_ws.l(exp.o)
    0x08019b40   0x000000dc   Code   RO         1191    i.floor             m_ws.l(floor.o)
    0x08019c1c   0x00000050   Code   RO         1518    i.free              mc_w.l(malloc.o)
    0x08019c6c   0x0000035c   Code   RO         1604    i.log               m_ws.l(log.o)
    0x08019fc8   0x000000e4   Code   RO         1195    i.log10             m_ws.l(log10.o)
    0x0801a0ac   0x0000006c   Code   RO         1519    i.malloc            mc_w.l(malloc.o)
    0x0801a118   0x000009d8   Code   RO         1203    i.pow               m_ws.l(pow.o)
    0x0801aaf0   0x000000a0   Code   RO         1213    i.sin               m_ws.l(sin.o)
    0x0801ab90   0x0000004c   Code   RO         1221    i.sqrt              m_ws.l(sqrt.o)
    0x0801abdc   0x00000006   Data   RO          720    .constdata          led.o
    0x0801abe2   0x0000008d   Data   RO         1101    .constdata          ff.o
    0x0801ac6f   0x00000001   PAD
    0x0801ac70   0x000003ae   Data   RO         1146    .constdata          ccsbcs.o
    0x0801b01e   0x00000002   PAD
    0x0801b020   0x00000058   Data   RO         1182    .constdata          m_ws.l(exp.o)
    0x0801b078   0x00000088   Data   RO         1204    .constdata          m_ws.l(pow.o)
    0x0801b100   0x00000030   Data   RO         1585    .constdata          m_ws.l(cos_i.o)
    0x0801b130   0x00000038   Data   RO         1605    .constdata          m_ws.l(log.o)
    0x0801b168   0x00000008   Data   RO         1615    .constdata          m_ws.l(qnan.o)
    0x0801b170   0x000000c8   Data   RO         1618    .constdata          m_ws.l(rred.o)
    0x0801b238   0x00000028   Data   RO         1622    .constdata          m_ws.l(sin_i.o)
    0x0801b260   0x00000081   Data   RO         1687    .constdata          mc_w.l(ctype_o.o)
    0x0801b2e1   0x00000003   PAD
    0x0801b2e4   0x00000004   Data   RO         1688    .constdata          mc_w.l(ctype_o.o)
    0x0801b2e8   0x000000bd   Data   RO          209    .conststring        main.o
    0x0801b3a5   0x00000003   PAD
    0x0801b3a8   0x00000085   Data   RO          423    .conststring        board_conf.o
    0x0801b42d   0x00000003   PAD
    0x0801b430   0x0000009f   Data   RO          437    .conststring        usart.o
    0x0801b4cf   0x00000001   PAD
    0x0801b4d0   0x00000048   Data   RO          635    .conststring        power.o
    0x0801b518   0x0000004a   Data   RO          692    .conststring        digital_sensor.o
    0x0801b562   0x00000002   PAD
    0x0801b564   0x0000004a   Data   RO          736    .conststring        key.o
    0x0801b5ae   0x00000002   PAD
    0x0801b5b0   0x00000041   Data   RO          853    .conststring        lcd_test.o
    0x0801b5f1   0x00000003   PAD
    0x0801b5f4   0x00000bfc   Data   RO          954    .conststring        test_otp.o
    0x0801c1f0   0x000001af   Data   RO         1059    .conststring        common_otpcode_nt36672a_v3.o
    0x0801c39f   0x00000001   PAD
    0x0801c3a0   0x000000f7   Data   RO         1080    .conststring        nt36672a_fw_update_v1p0.o
    0x0801c497   0x00000001   PAD
    0x0801c498   0x00000020   Data   RO         1729    Region$$Table       anon$$obj.o


    Execution Region RW_IRAM1 (Base: 0x20000000, Size: 0x0001e768, Max: 0x00020000, ABSOLUTE, COMPRESSED[0x0000048c])

    Base Addr    Size         Type   Attr      Idx    E Section Name        Object

    0x20000000   0x00000010   Data   RW           68    .data               stm32f2xx_rcc.o
    0x20000010   0x00000014   Data   RW          191    .data               system_stm32f2xx.o
    0x20000024   0x00000001   Data   RW          210    .data               main.o
    0x20000025   0x00000006   Data   RW          376    .data               taskpolling.o
    0x2000002b   0x00000001   PAD
    0x2000002c   0x00000004   Data   RW          405    .data               systick.o
    0x20000030   0x00000025   Data   RW          438    .data               usart.o
    0x20000055   0x00000003   PAD
    0x20000058   0x0000000a   Data   RW          507    .data               timer.o
    0x20000062   0x00000002   PAD
    0x20000064   0x00000020   Data   RW          527    .data               admesy.o
    0x20000084   0x00000002   Data   RW          594    .data               adc.o
    0x20000086   0x00000002   PAD
    0x20000088   0x0000000d   Data   RW          609    .data               i2c.o
    0x20000095   0x00000001   Data   RW          693    .data               digital_sensor.o
    0x20000096   0x00000002   PAD
    0x20000098   0x0000000c   Data   RW          721    .data               led.o
    0x200000a4   0x0000000e   Data   RW          737    .data               key.o
    0x200000b2   0x00000002   Data   RW          755    .data               ssd2828.o
    0x200000b4   0x0000000a   Data   RW          777    .data               fpga.o
    0x200000be   0x00000004   Data   RW          799    .data               lcd.o
    0x200000c2   0x00000002   PAD
    0x200000c4   0x00000014   Data   RW          819    .data               sdcard.o
    0x200000d8   0x00000003   Data   RW          835    .data               bsp_bmp.o
    0x200000db   0x00000001   PAD
    0x200000dc   0x0000003c   Data   RW          854    .data               lcd_test.o
    0x20000118   0x00000031   Data   RW          955    .data               test_otp.o
    0x20000149   0x00000002   Data   RW         1026    .data               test_sdcard.o
    0x2000014b   0x00000001   PAD
    0x2000014c   0x0000093c   Data   RW         1045    .data               common_initialcode_6.5inch_cof_nt36682a_cmos_v4p0_20180704.o
    0x20000a88   0x00000005   Data   RW         1060    .data               common_otpcode_nt36672a_v3.o
    0x20000a8d   0x00000003   PAD
    0x20000a90   0x0000002d   Data   RW         1081    .data               nt36672a_fw_update_v1p0.o
    0x20000abd   0x00000003   PAD
    0x20000ac0   0x00000006   Data   RW         1102    .data               ff.o
    0x20000ac6   0x00000002   PAD
    0x20000ac8   0x00000004   Data   RW         1250    .data               mc_w.l(strtok.o)
    0x20000acc   0x00000004   Data   RW         1647    .data               mc_w.l(stdout.o)
    0x20000ad0   0x00000004   Data   RW         1658    .data               mc_w.l(mvars.o)
    0x20000ad4   0x00000004   Data   RW         1659    .data               mc_w.l(mvars.o)
    0x20000ad8   0x00000004   Data   RW         1663    .data               mc_w.l(errno.o)
    0x20000adc   0x00000400   Zero   RW          436    .bss                usart.o
    0x20000edc   0x00002020   Zero   RW          526    .bss                admesy.o
    0x20002efc   0x000000c4   Zero   RW          818    .bss                sdcard.o
    0x20002fc0   0x000025d0   Zero   RW          834    .bss                bsp_bmp.o
    0x20005590   0x00000020   Zero   RW          953    .bss                test_otp.o
    0x200055b0   0x0000041e   Zero   RW         1025    .bss                test_sdcard.o
    0x200059ce   0x00000002   PAD
    0x200059d0   0x00000798   Zero   RW         1079    .bss                nt36672a_fw_update_v1p0.o
    0x20006168   0x00000200   Zero   RW         1100    .bss                ff.o
    0x20006368   0x00018000   Zero   RW            2    HEAP                startup_stm32f2xx.o
    0x2001e368   0x00000400   Zero   RW            1    STACK               startup_stm32f2xx.o


==============================================================================

Image component sizes


      Code (inc. data)   RO Data    RW Data    ZI Data      Debug   Object Name

       816        174          0          2          0       2191   adc.o
      2656        684          0         32       8224       3952   admesy.o
      3256        212          0          0          0       7379   admesy_flicker.o
      1388        806        133          0          0       1073   board_conf.o
      1440        366          0          3       9680       5177   bsp_bmp.o
       240         24        942          0          0       1961   ccsbcs.o
         0          0          0       2364          0        981   common_initialcode_6.5inch_cof_nt36682a_cmos_v4p0_20180704.o
      2344        376        431          5          0       4628   common_otpcode_nt36672a_v3.o
       644        168         74          1          0       1921   digital_sensor.o
       360        130          0          0          0       3582   diskio.o
       964        348          0          0          0       2461   eeprom.o
     10324         82        141          6        512      36389   ff.o
      3772        840          0         10          0       9815   fpga.o
      1942         24          0         13          0       6989   i2c.o
      1816        514         74         14          0       2469   key.o
      3796         16          0          0          0       5971   kiss_fft.o
      2784        836          0          4          0       3818   lcd.o
      6388       1600         65         60          0       7742   lcd_test.o
       144         18          6         12          0       1386   led.o
       920        364        189          1          0      20840   main.o
       224         20          0          0          0       3301   misc.o
      5512       1472        247         45       1944      11348   nt36672a_fw_update_v1p0.o
      1180        308         72          0          0       4811   power.o
      6196        248          0         20        196      17861   sdcard.o
      2176        378          0          2          0       6046   ssd2828.o
        36          8        388          0      99328        800   startup_stm32f2xx.o
      1124         24          0          0          0      10350   stm32f2xx_adc.o
       936         32          0          0          0       6205   stm32f2xx_dma.o
      1544         14          0          0          0       5255   stm32f2xx_fsmc.o
       604         36          0          0          0     299581   stm32f2xx_gpio.o
        88          0          0          0          0       2145   stm32f2xx_it.o
      1416         48          0         16          0      10791   stm32f2xx_rcc.o
       496         18          0          0          0       7044   stm32f2xx_sdio.o
      3234         60          0          0          0      22724   stm32f2xx_tim.o
      1050         26          0          0          0       7572   stm32f2xx_usart.o
       480         40          0         20          0       1599   system_stm32f2xx.o
       324         80          0          4          0      18478   systick.o
       320         56          0          6          0        716   taskpolling.o
       324         22          0          0          0        567   test_ctp.o
      1388         92          0          0          0       1652   test_debug.o
       156         18          0          0          0        468   test_demo.o
       696        100          0          0          0        812   test_esd.o
       156         16          0          0          0        455   test_et1.o
       752        108          0          0          0        735   test_et2.o
       172          8          0          0          0        483   test_et3.o
       948         76          0          0          0       1099   test_od.o
       668         86          0          0          0        700   test_oqc1.o
      9100       2094       3068         49         32       6326   test_otp.o
        84          6          0          0          0        839   test_ra.o
       848         96          0          2       1054       2468   test_sdcard.o
       412         56          0         10          0       1599   timer.o
      7128       1846        159         37       1024      10922   usart.o

    ----------------------------------------------------------------------
     95772      15074       6040       2760     121996     596477   Object Totals
         0          0         32          0          0          0   (incl. Generated)
         6          0         19         22          2          0   (incl. Padding)

    ----------------------------------------------------------------------

      Code (inc. data)   RO Data    RW Data    ZI Data      Debug   Library Member Name

        42          0          0          0          0         84   atof.o
       156          8          0          0          0        104   cos.o
       252         22         48          0          0        124   cos_i.o
        68         10          0          0          0        408   dunder.o
       644         90         88          0          0        204   exp.o
       220         16          0          0          0         84   floor.o
        40          0          0          0          0         68   fpclassify.o
       860         52         56          0          0        256   log.o
       228         30          0          0          0        120   log10.o
       170          0          0          0          0         96   poly.o
      2520        190        136          0          0        324   pow.o
         0          0          8          0          0          0   qnan.o
       904         76        200          0          0        140   rred.o
       160         10          0          0          0        108   sin.o
       236         12         40          0          0        128   sin_i.o
        76          0          0          0          0         84   sqrt.o
        94          0          0          0          0          0   __dclz77c.o
        28          0          0          0          0         68   _chval.o
        64          0          0          0          0         84   _sgetc.o
       158          0          0          0          0         92   _strtoul.o
        26          0          0          0          0         80   atoi.o
         8          4        133          0          0         68   ctype_o.o
         0          0          0          0          0          0   entry.o
         0          0          0          0          0          0   entry10a.o
         0          0          0          0          0          0   entry11a.o
         8          4          0          0          0          0   entry2.o
         4          0          0          0          0          0   entry5.o
         0          0          0          0          0          0   entry7b.o
         0          0          0          0          0          0   entry8b.o
         8          4          0          0          0          0   entry9a.o
        32         16          0          4          0        204   errno.o
        30          0          0          0          0          0   handlers.o
        36          8          0          0          0         68   init.o
        18          0          0          0          0         76   isspace_o.o
         0          0          0          0          0          0   iusefp.o
        30          0          0          0          0         68   llshl.o
        36          0          0          0          0         68   llsshr.o
        32          0          0          0          0         68   llushr.o
       188         20          0          0          0        160   malloc.o
        36          0          0          0          0         68   memcpya.o
        36          0          0          0          0        108   memseta.o
         0          0          0          8          0          0   mvars.o
      2308         96          0          0          0        604   printfa.o
       838         12          0          0          0        216   scanf_fp.o
         0          0          0          4          0          0   stdout.o
        14          0          0          0          0         68   strlen.o
        24          0          0          0          0         76   strncpy.o
        36          0          0          0          0         80   strstr.o
       156         12          0          0          0        120   strtod.o
        68          6          0          4          0         80   strtok.o
       112          0          0          0          0         88   strtol.o
        44          0          0          0          0         80   uidiv.o
        98          0          0          0          0         92   uldiv.o
        48          0          0          0          0         68   cdcmple.o
        48          0          0          0          0         68   cdrcmple.o
        20          0          0          0          0         68   cfcmple.o
        20          0          0          0          0         68   cfrcmple.o
        56          0          0          0          0         88   d2f.o
       334          0          0          0          0        148   dadd.o
       222          0          0          0          0        100   ddiv.o
       186          0          0          0          0        176   depilogue.o
        62          0          0          0          0         80   dfixi.o
        50          0          0          0          0         76   dfixui.o
        48          0          0          0          0         68   dfixul.o
        34          0          0          0          0         76   dflti.o
        26          0          0          0          0         76   dfltui.o
        24          0          0          0          0         76   dfltul.o
       228          0          0          0          0         96   dmul.o
        46          0          0          0          0         80   dscalb.o
       162          0          0          0          0        100   dsqrt.o
        38          0          0          0          0         68   f2d.o
       176          0          0          0          0        140   fadd.o
       124          0          0          0          0         88   fdiv.o
       110          0          0          0          0        168   fepilogue.o
        40          0          0          0          0         68   ffixui.o
        10          0          0          0          0         68   ffltui.o
       100          0          0          0          0         76   fmul.o

    ----------------------------------------------------------------------
     13372        698        712         20          0       7304   Library Totals
        14          0          3          0          0          0   (incl. Padding)

    ----------------------------------------------------------------------

      Code (inc. data)   RO Data    RW Data    ZI Data      Debug   Library Name

      6576        516        576          0          0       2332   m_ws.l
      4570        182        133         20          0       2784   mc_w.l
      2212          0          0          0          0       2188   mf_w.l

    ----------------------------------------------------------------------
     13372        698        712         20          0       7304   Library Totals

    ----------------------------------------------------------------------

==============================================================================


      Code (inc. data)   RO Data    RW Data    ZI Data      Debug   

    109144      15772       6752       2780     121996     595693   Grand Totals
    109144      15772       6752       1164     121996     595693   ELF Image Totals (compressed)
    109144      15772       6752       1164          0          0   ROM Totals

==============================================================================

    Total RO  Size (Code + RO Data)               115896 ( 113.18kB)
    Total RW  Size (RW Data + ZI Data)            124776 ( 121.85kB)
    Total ROM Size (Code + RO Data + RW Data)     117060 ( 114.32kB)

==============================================================================

