<html>
<body>
<pre>
<h1>µVision Build Log</h1>
<h2>Tool Versions:</h2>
IDE-Version: ¦ÌVision V5.21.1.0
Copyright (C) 2016 ARM Ltd and ARM Germany GmbH. All rights reserved.
License Information: lifeng_lu lifeng_lu tianma Flex license: MDK-ARM Plus: 60 user(s) (mdk_std) Support: Jan 2018
 
Tool Versions:
Toolchain:       MDK-ARM Plus: 60 user(s)  Version: 5.21a
Toolchain Path:  C:\Keil_v5\ARM\ARMCC\Bin
C Compiler:      Armcc.exe V5.06 update 3 (build 300)
Assembler:       Armasm.exe V5.06 update 3 (build 300)
Linker/Locator:  ArmLink.exe V5.06 update 3 (build 300)
Library Manager: ArmAr.exe V5.06 update 3 (build 300)
Hex Converter:   FromElf.exe V5.06 update 3 (build 300)
CPU DLL:         SARMCM3.DLL V5.21a
Dialog DLL:      DCM.DLL V1.13.8.0
Target DLL:      Segger\JL2CM3.dll V2.99.23.0
Dialog DLL:      TCM.DLL V1.14.14.0
 
<h2>Project:</h2>
D:\RA_1TO9\ET_ARM\Project\STM_DEMO.uvprojx
Project File Date:  12/09/2018

<h2>Output:</h2>
*** Using Compiler 'V5.06 update 3 (build 300)', folder: 'C:\Keil_v5\ARM\ARMCC\Bin'
Rebuild target 'STM_DEMO'
assembling startup_stm32f2xx.s...
compiling stm32f2xx_gpio.c...
compiling stm32f2xx_usart.c...
compiling stm32f2xx_rcc.c...
compiling stm32f2xx_adc.c...
compiling stm32f2xx_dma.c...
compiling misc.c...
compiling stm32f2xx_flash.c...
compiling stm32f2xx_sdio.c...
compiling stm32f2xx_fsmc.c...
compiling stm32f2xx_tim.c...
compiling core_cm3.c...
compiling system_stm32f2xx.c...
compiling main.c...
compiling TaskPolling.C...
compiling stm32f2xx_it.c...
compiling board_conf.c...
compiling sysTick.c...
compiling usart.c...
compiling timer.c...
compiling admesy.c...
compiling admesy_flicker.c...
compiling kiss_fft.c...
compiling admesy_filter.c...
compiling i2c.c...
..\USER\i2c.c(381): warning:  #550-D: parameter "Data" was set but never used
   FlagStatus I2C_Read_Byte(uint8_t Addr, uint8_t Data)
..\USER\i2c.c(431): warning:  #550-D: parameter "Data" was set but never used
   FlagStatus I2C_Read_Byte16(uint16_t Addr, uint8_t Data)
..\USER\i2c.c: 2 warnings, 0 errors
compiling adc.c...
compiling power.c...
compiling digital_sensor.c...
compiling eeprom.c...
compiling led.c...
compiling ssd2828.c...
compiling key.c...
compiling fpga.c...
compiling lcd.c...
compiling bsp_bmp.c...
compiling sdcard.c...
compiling test_debug.c...
..\USER\test_debug.c(290): warning:  #111-D: statement is unreachable
   	TOTAL_DIS_NUM = 12;
..\USER\test_debug.c: 1 warning, 0 errors
compiling test_demo.c...
compiling lcd_test.c...
compiling test_od.c...
compiling test_et1.c...
compiling test_et2.c...
..\USER\test_et2.c(13): warning:  #177-D: variable "runout" was declared but never referenced
  	 static uint8_t runout =0;
..\USER\test_et2.c: 1 warning, 0 errors
compiling test_et3.c...
compiling test_otp.c...
compiling test_ra.c...
compiling test_esd.c...
compiling test_ctp.c...
compiling test_oqc1.c...
compiling test_SDcard.c...
compiling Common_InitialCode_6.5inch_COF_NT36682A_CMOS_V4P0_20180704.c...
compiling Common_OTPCode_NT36672A_V3.c...
compiling ff.c...
compiling diskio.c...
compiling NT36672A_FW_Update_V1P0.c...
..\INI_OTP\NT36672A_FW_Update_V1P0.c(1032): warning:  #550-D: variable "buf" was set but never used
  uint8_t buf[1];
..\INI_OTP\NT36672A_FW_Update_V1P0.c: 1 warning, 0 errors
compiling ccsbcs.c...
linking...
Program Size: Code=103912 RO-data=6492 RW-data=2784 ZI-data=122016  
FromELF: creating hex file...
".\Output\STM_DEMO.axf" - 0 Error(s), 5 Warning(s).

<h2>Collection of Component include folders:</h2>
  D:\RA_1TO9\ET_ARM\Project\RTE
  C:\Keil_v5\ARM\PACK\Keil\STM32F2xx_DFP\2.7.0\Drivers\CMSIS\Device\ST\STM32F2xx\Include

<h2>Collection of Component Files used:</h2>
Build Time Elapsed:  00:00:21
</pre>
</body>
</html>
